Archive member included to satisfy reference by file (symbol)

/home/bob/st/stm32cubeide_1.18.1/plugins/com.st.stm32cube.ide.mcu.externaltools.gnu-tools-for-stm32.13.3.rel1.linux64_1.0.0.202410170706/tools/bin/../lib/gcc/arm-none-eabi/13.3.1/../../../../arm-none-eabi/lib/thumb/v7e-m+fp/hard/libc_nano.a(libc_a-exit.o)
                              /home/bob/st/stm32cubeide_1.18.1/plugins/com.st.stm32cube.ide.mcu.externaltools.gnu-tools-for-stm32.13.3.rel1.linux64_1.0.0.202410170706/tools/bin/../lib/gcc/arm-none-eabi/13.3.1/../../../../arm-none-eabi/lib/thumb/v7e-m+fp/hard/crt0.o (exit)
/home/bob/st/stm32cubeide_1.18.1/plugins/com.st.stm32cube.ide.mcu.externaltools.gnu-tools-for-stm32.13.3.rel1.linux64_1.0.0.202410170706/tools/bin/../lib/gcc/arm-none-eabi/13.3.1/../../../../arm-none-eabi/lib/thumb/v7e-m+fp/hard/libc_nano.a(libc_a-findfp.o)
                              /home/bob/st/stm32cubeide_1.18.1/plugins/com.st.stm32cube.ide.mcu.externaltools.gnu-tools-for-stm32.13.3.rel1.linux64_1.0.0.202410170706/tools/bin/../lib/gcc/arm-none-eabi/13.3.1/../../../../arm-none-eabi/lib/thumb/v7e-m+fp/hard/libc_nano.a(libc_a-exit.o) (__stdio_exit_handler)
/home/bob/st/stm32cubeide_1.18.1/plugins/com.st.stm32cube.ide.mcu.externaltools.gnu-tools-for-stm32.13.3.rel1.linux64_1.0.0.202410170706/tools/bin/../lib/gcc/arm-none-eabi/13.3.1/../../../../arm-none-eabi/lib/thumb/v7e-m+fp/hard/libc_nano.a(libc_a-fwalk.o)
                              /home/bob/st/stm32cubeide_1.18.1/plugins/com.st.stm32cube.ide.mcu.externaltools.gnu-tools-for-stm32.13.3.rel1.linux64_1.0.0.202410170706/tools/bin/../lib/gcc/arm-none-eabi/13.3.1/../../../../arm-none-eabi/lib/thumb/v7e-m+fp/hard/libc_nano.a(libc_a-findfp.o) (_fwalk_sglue)
/home/bob/st/stm32cubeide_1.18.1/plugins/com.st.stm32cube.ide.mcu.externaltools.gnu-tools-for-stm32.13.3.rel1.linux64_1.0.0.202410170706/tools/bin/../lib/gcc/arm-none-eabi/13.3.1/../../../../arm-none-eabi/lib/thumb/v7e-m+fp/hard/libc_nano.a(libc_a-stdio.o)
                              /home/bob/st/stm32cubeide_1.18.1/plugins/com.st.stm32cube.ide.mcu.externaltools.gnu-tools-for-stm32.13.3.rel1.linux64_1.0.0.202410170706/tools/bin/../lib/gcc/arm-none-eabi/13.3.1/../../../../arm-none-eabi/lib/thumb/v7e-m+fp/hard/libc_nano.a(libc_a-findfp.o) (__sread)
/home/bob/st/stm32cubeide_1.18.1/plugins/com.st.stm32cube.ide.mcu.externaltools.gnu-tools-for-stm32.13.3.rel1.linux64_1.0.0.202410170706/tools/bin/../lib/gcc/arm-none-eabi/13.3.1/../../../../arm-none-eabi/lib/thumb/v7e-m+fp/hard/libc_nano.a(libc_a-memset.o)
                              /home/bob/st/stm32cubeide_1.18.1/plugins/com.st.stm32cube.ide.mcu.externaltools.gnu-tools-for-stm32.13.3.rel1.linux64_1.0.0.202410170706/tools/bin/../lib/gcc/arm-none-eabi/13.3.1/../../../../arm-none-eabi/lib/thumb/v7e-m+fp/hard/crt0.o (memset)
/home/bob/st/stm32cubeide_1.18.1/plugins/com.st.stm32cube.ide.mcu.externaltools.gnu-tools-for-stm32.13.3.rel1.linux64_1.0.0.202410170706/tools/bin/../lib/gcc/arm-none-eabi/13.3.1/../../../../arm-none-eabi/lib/thumb/v7e-m+fp/hard/libc_nano.a(libc_a-closer.o)
                              /home/bob/st/stm32cubeide_1.18.1/plugins/com.st.stm32cube.ide.mcu.externaltools.gnu-tools-for-stm32.13.3.rel1.linux64_1.0.0.202410170706/tools/bin/../lib/gcc/arm-none-eabi/13.3.1/../../../../arm-none-eabi/lib/thumb/v7e-m+fp/hard/libc_nano.a(libc_a-stdio.o) (_close_r)
/home/bob/st/stm32cubeide_1.18.1/plugins/com.st.stm32cube.ide.mcu.externaltools.gnu-tools-for-stm32.13.3.rel1.linux64_1.0.0.202410170706/tools/bin/../lib/gcc/arm-none-eabi/13.3.1/../../../../arm-none-eabi/lib/thumb/v7e-m+fp/hard/libc_nano.a(libc_a-reent.o)
                              /home/bob/st/stm32cubeide_1.18.1/plugins/com.st.stm32cube.ide.mcu.externaltools.gnu-tools-for-stm32.13.3.rel1.linux64_1.0.0.202410170706/tools/bin/../lib/gcc/arm-none-eabi/13.3.1/../../../../arm-none-eabi/lib/thumb/v7e-m+fp/hard/libc_nano.a(libc_a-closer.o) (errno)
/home/bob/st/stm32cubeide_1.18.1/plugins/com.st.stm32cube.ide.mcu.externaltools.gnu-tools-for-stm32.13.3.rel1.linux64_1.0.0.202410170706/tools/bin/../lib/gcc/arm-none-eabi/13.3.1/../../../../arm-none-eabi/lib/thumb/v7e-m+fp/hard/libc_nano.a(libc_a-impure.o)
                              /home/bob/st/stm32cubeide_1.18.1/plugins/com.st.stm32cube.ide.mcu.externaltools.gnu-tools-for-stm32.13.3.rel1.linux64_1.0.0.202410170706/tools/bin/../lib/gcc/arm-none-eabi/13.3.1/../../../../arm-none-eabi/lib/thumb/v7e-m+fp/hard/libc_nano.a(libc_a-reent.o) (_impure_ptr)
/home/bob/st/stm32cubeide_1.18.1/plugins/com.st.stm32cube.ide.mcu.externaltools.gnu-tools-for-stm32.13.3.rel1.linux64_1.0.0.202410170706/tools/bin/../lib/gcc/arm-none-eabi/13.3.1/../../../../arm-none-eabi/lib/thumb/v7e-m+fp/hard/libc_nano.a(libc_a-lseekr.o)
[...]
Memory Configuration

Name             Origin             Length             Attributes
RAM              0x20000000         0x00020000         xrw
FLASH            0x08000000         0x00080000         xr
*default*        0x00000000         0xffffffff

Linker script and memory map

LOAD /home/bob/st/stm32cubeide_1.18.1/plugins/com.st.stm32cube.ide.mcu.externaltools.gnu-tools-for-stm32.13.3.rel1.linux64_1.0.0.202410170706/tools/bin/../lib/gcc/arm-none-eabi/13.3.1/thumb/v7e-m+fp/hard/crti.o
LOAD /home/bob/st/stm32cubeide_1.18.1/plugins/com.st.stm32cube.ide.mcu.externaltools.gnu-tools-for-stm32.13.3.rel1.linux64_1.0.0.202410170706/tools/bin/../lib/gcc/arm-none-eabi/13.3.1/thumb/v7e-m+fp/hard/crtbegin.o
LOAD /home/bob/st/stm32cubeide_1.18.1/plugins/com.st.stm32cube.ide.mcu.externaltools.gnu-tools-for-stm32.13.3.rel1.linux64_1.0.0.202410170706/tools/bin/../lib/gcc/arm-none-eabi/13.3.1/../../../../arm-none-eabi/lib/thumb/v7e-m+fp/hard/crt0.o
LOAD ./Core/Src/main.o
LOAD ./Core/Src/stm32f4xx_hal_msp.o
LOAD ./Core/Src/stm32f4xx_it.o
LOAD ./Core/Src/syscalls.o
LOAD ./Core/Src/sysmem.o
LOAD ./Core/Src/system_stm32f4xx.o
LOAD ./Core/Startup/startup_stm32f411ceux.o
LOAD ./Drivers/STM32F4xx_HAL_Driver/Src/stm32f4xx_hal.o
LOAD ./Drivers/STM32F4xx_HAL_Driver/Src/stm32f4xx_hal_adc.o
LOAD ./Drivers/STM32F4xx_HAL_Driver/Src/stm32f4xx_hal_adc_ex.o
LOAD ./Drivers/STM32F4xx_HAL_Driver/Src/stm32f4xx_hal_cortex.o
LOAD ./Drivers/STM32F4xx_HAL_Driver/Src/stm32f4xx_hal_dma.o
LOAD ./Drivers/STM32F4xx_HAL_Driver/Src/stm32f4xx_hal_dma_ex.o
LOAD ./Drivers/STM32F4xx_HAL_Driver/Src/stm32f4xx_hal_exti.o
LOAD ./Drivers/STM32F4xx_HAL_Driver/Src/stm32f4xx_hal_flash.o
LOAD ./Drivers/STM32F4xx_HAL_Driver/Src/stm32f4xx_hal_flash_ex.o
LOAD ./Drivers/STM32F4xx_HAL_Driver/Src/stm32f4xx_hal_flash_ramfunc.o
LOAD ./Drivers/STM32F4xx_HAL_Driver/Src/stm32f4xx_hal_gpio.o
LOAD ./Drivers/STM32F4xx_HAL_Driver/Src/stm32f4xx_hal_pcd.o
LOAD ./Drivers/STM32F4xx_HAL_Driver/Src/stm32f4xx_hal_pcd_ex.o
LOAD ./Drivers/STM32F4xx_HAL_Driver/Src/stm32f4xx_hal_pwr.o
LOAD ./Drivers/STM32F4xx_HAL_Driver/Src/stm32f4xx_hal_pwr_ex.o
LOAD ./Drivers/STM32F4xx_HAL_Driver/Src/stm32f4xx_hal_rcc.o
LOAD ./Drivers/STM32F4xx_HAL_Driver/Src/stm32f4xx_hal_rcc_ex.o
LOAD ./Drivers/STM32F4xx_HAL_Driver/Src/stm32f4xx_hal_tim.o
LOAD ./Drivers/STM32F4xx_HAL_Driver/Src/stm32f4xx_hal_tim_ex.o
LOAD ./Drivers/STM32F4xx_HAL_Driver/Src/stm32f4xx_ll_adc.o
LOAD ./Drivers/STM32F4xx_HAL_Driver/Src/stm32f4xx_ll_usb.o
LOAD ./Middlewares/ST/STM32_USB_Device_Library/Class/CDC/Src/usbd_cdc.o
LOAD ./Middlewares/ST/STM32_USB_Device_Library/Core/Src/usbd_core.o
LOAD ./Middlewares/ST/STM32_USB_Device_Library/Core/Src/usbd_ctlreq.o
LOAD ./Middlewares/ST/STM32_USB_Device_Library/Core/Src/usbd_ioreq.o
LOAD ./USB_DEVICE/App/usb_device.o
LOAD ./USB_DEVICE/App/usbd_cdc_if.o
LOAD ./USB_DEVICE/App/usbd_desc.o
LOAD ./USB_DEVICE/Target/usbd_conf.o
START GROUP
LOAD /home/bob/st/stm32cubeide_1.18.1/plugins/com.st.stm32cube.ide.mcu.externaltools.gnu-tools-for-stm32.13.3.rel1.linux64_1.0.0.202410170706/tools/bin/../lib/gcc/arm-none-eabi/13.3.1/../../../../arm-none-eabi/lib/thumb/v7e-m+fp/hard/libc_nano.a
LOAD /home/bob/st/stm32cubeide_1.18.1/plugins/com.st.stm32cube.ide.mcu.externaltools.gnu-tools-for-stm32.13.3.rel1.linux64_1.0.0.202410170706/tools/bin/../lib/gcc/arm-none-eabi/13.3.1/../../../../arm-none-eabi/lib/thumb/v7e-m+fp/hard/libm.a
END GROUP
START GROUP
LOAD /home/bob/st/stm32cubeide_1.18.1/plugins/com.st.stm32cube.ide.mcu.externaltools.gnu-tools-for-stm32.13.3.rel1.linux64_1.0.0.202410170706/tools/bin/../lib/gcc/arm-none-eabi/13.3.1/thumb/v7e-m+fp/hard/libgcc.a
LOAD /home/bob/st/stm32cubeide_1.18.1/plugins/com.st.stm32cube.ide.mcu.externaltools.gnu-tools-for-stm32.13.3.rel1.linux64_1.0.0.202410170706/tools/bin/../lib/gcc/arm-none-eabi/13.3.1/../../../../arm-none-eabi/lib/thumb/v7e-m+fp/hard/libc_nano.a
END GROUP
START GROUP
LOAD /home/bob/st/stm32cubeide_1.18.1/plugins/com.st.stm32cube.ide.mcu.externaltools.gnu-tools-for-stm32.13.3.rel1.linux64_1.0.0.202410170706/tools/bin/../lib/gcc/arm-none-eabi/13.3.1/thumb/v7e-m+fp/hard/libgcc.a
LOAD /home/bob/st/stm32cubeide_1.18.1/plugins/com.st.stm32cube.ide.mcu.externaltools.gnu-tools-for-stm32.13.3.rel1.linux64_1.0.0.202410170706/tools/bin/../lib/gcc/arm-none-eabi/13.3.1/../../../../arm-none-eabi/lib/thumb/v7e-m+fp/hard/libc_nano.a
LOAD /home/bob/st/stm32cubeide_1.18.1/plugins/com.st.stm32cube.ide.mcu.externaltools.gnu-tools-for-stm32.13.3.rel1.linux64_1.0.0.202410170706/tools/bin/../lib/gcc/arm-none-eabi/13.3.1/../../../../arm-none-eabi/lib/thumb/v7e-m+fp/hard/libnosys.a
END GROUP
START GROUP
LOAD /home/bob/st/stm32cubeide_1.18.1/plugins/com.st.stm32cube.ide.mcu.externaltools.gnu-tools-for-stm32.13.3.rel1.linux64_1.0.0.202410170706/tools/bin/../lib/gcc/arm-none-eabi/13.3.1/thumb/v7e-m+fp/hard/libgcc.a
LOAD /home/bob/st/stm32cubeide_1.18.1/plugins/com.st.stm32cube.ide.mcu.externaltools.gnu-tools-for-stm32.13.3.rel1.linux64_1.0.0.202410170706/tools/bin/../lib/gcc/arm-none-eabi/13.3.1/../../../../arm-none-eabi/lib/thumb/v7e-m+fp/hard/libc_nano.a
LOAD /home/bob/st/stm32cubeide_1.18.1/plugins/com.st.stm32cube.ide.mcu.externaltools.gnu-tools-for-stm32.13.3.rel1.linux64_1.0.0.202410170706/tools/bin/../lib/gcc/arm-none-eabi/13.3.1/../../../../arm-none-eabi/lib/thumb/v7e-m+fp/hard/libnosys.a
END GROUP
LOAD /home/bob/st/stm32cubeide_1.18.1/plugins/com.st.stm32cube.ide.mcu.externaltools.gnu-tools-for-stm32.13.3.rel1.linux64_1.0.0.202410170706/tools/bin/../lib/gcc/arm-none-eabi/13.3.1/thumb/v7e-m+fp/hard/crtend.o
LOAD /home/bob/st/stm32cubeide_1.18.1/plugins/com.st.stm32cube.ide.mcu.externaltools.gnu-tools-for-stm32.13.3.rel1.linux64_1.0.0.202410170706/tools/bin/../lib/gcc/arm-none-eabi/13.3.1/thumb/v7e-m+fp/hard/crtn.o
                0x20020000                        _estack = (ORIGIN (RAM) + LENGTH (RAM))
                0x00000200                        _Min_Heap_Size = 0x200
                0x00000400                        _Min_Stack_Size = 0x400

.isr_vector     0x08000000      0x198
                0x08000000                        . = ALIGN (0x4)
 *(.isr_vector)
 .isr_vector    0x08000000      0x198 ./Core/Startup/startup_stm32f411ceux.o
                0x08000000                g_pfnVectors
                0x08000198                        . = ALIGN (0x4)

.text           0x08000198     0x9470
                0x08000198                        . = ALIGN (0x4)
 *(.text)
 .text          0x08000198       0x40 /home/bob/st/stm32cubeide_1.18.1/plugins/com.st.stm32cube.ide.mcu.externaltools.gnu-tools-for-stm32.13.3.rel1.linux64_1.0.0.202410170706/tools/bin/../lib/gcc/arm-none-eabi/13.3.1/thumb/v7e-m+fp/hard/crtbegin.o
 .text          0x080001d8       0x30 /home/bob/st/stm32cubeide_1.18.1/plugins/com.st.stm32cube.ide.mcu.externaltools.gnu-tools-for-stm32.13.3.rel1.linux64_1.0.0.202410170706/tools/bin/../lib/gcc/arm-none-eabi/13.3.1/thumb/v7e-m+fp/hard/libgcc.a(_aeabi_uldivmod.o)
                0x080001d8                __aeabi_uldivmod
 .text          0x08000208      0x2f8 /home/bob/st/stm32cubeide_1.18.1/plugins/com.st.stm32cube.ide.mcu.externaltools.gnu-tools-for-stm32.13.3.rel1.linux64_1.0.0.202410170706/tools/bin/../lib/gcc/arm-none-eabi/13.3.1/thumb/v7e-m+fp/hard/libgcc.a(_udivmoddi4.o)
                0x08000208                __udivmoddi4
 .text          0x08000500        0x4 /home/bob/st/stm32cubeide_1.18.1/plugins/com.st.stm32cube.ide.mcu.externaltools.gnu-tools-for-stm32.13.3.rel1.linux64_1.0.0.202410170706/tools/bin/../lib/gcc/arm-none-eabi/13.3.1/thumb/v7e-m+fp/hard/libgcc.a(_dvmd_tls.o)
                0x08000500                __aeabi_ldiv0
                0x08000500                __aeabi_idiv0
 *(.text*)
 .text.main     0x08000504       0xd0 ./Core/Src/main.o
                0x08000504                main
 .text.SystemClock_Config
                0x080005d4       0xd0 ./Core/Src/main.o
                0x080005d4                SystemClock_Config
 .text.MX_ADC1_Init
                0x080006a4       0xa4 ./Core/Src/main.o
 .text.MX_TIM1_Init
                0x08000748      0x104 ./Core/Src/main.o
 .text.MX_TIM2_Init
                0x0800084c       0xf4 ./Core/Src/main.o
 .text.MX_TIM3_Init
                0x08000940       0xf0 ./Core/Src/main.o
 .text.MX_TIM4_Init
                0x08000a30       0xf0 ./Core/Src/main.o
 .text.MX_TIM5_Init
                0x08000b20      0x100 ./Core/Src/main.o
 .text.MX_DMA_Init
                0x08000c20       0x40 ./Core/Src/main.o
 .text.MX_GPIO_Init
                0x08000c60       0x6c ./Core/Src/main.o
 .text.HAL_ADC_ConvCpltCallback
                0x08000ccc       0x74 ./Core/Src/main.o
                0x08000ccc                HAL_ADC_ConvCpltCallback
 .text.Error_Handler
                0x08000d40        0xc ./Core/Src/main.o
                0x08000d40                Error_Handler
 .text.HAL_MspInit
                0x08000d4c       0x50 ./Core/Src/stm32f4xx_hal_msp.o
                0x08000d4c                HAL_MspInit
 .text.HAL_ADC_MspInit
                0x08000d9c      0x100 ./Core/Src/stm32f4xx_hal_msp.o
                0x08000d9c                HAL_ADC_MspInit
 .text.HAL_TIM_PWM_MspInit
                0x08000e9c       0x44 ./Core/Src/stm32f4xx_hal_msp.o
                0x08000e9c                HAL_TIM_PWM_MspInit
 .text.HAL_TIM_Base_MspInit
                0x08000ee0       0xc4 ./Core/Src/stm32f4xx_hal_msp.o
                0x08000ee0                HAL_TIM_Base_MspInit
 .text.HAL_TIM_MspPostInit
                0x08000fa4      0x1a4 ./Core/Src/stm32f4xx_hal_msp.o
                0x08000fa4                HAL_TIM_MspPostInit
 .text.NMI_Handler
                0x08001148        0x8 ./Core/Src/stm32f4xx_it.o
                0x08001148                NMI_Handler
 .text.HardFault_Handler
                0x08001150        0x8 ./Core/Src/stm32f4xx_it.o
                0x08001150                HardFault_Handler
 .text.MemManage_Handler
                0x08001158        0x8 ./Core/Src/stm32f4xx_it.o
                0x08001158                MemManage_Handler
 .text.BusFault_Handler
                0x08001160        0x8 ./Core/Src/stm32f4xx_it.o
                0x08001160                BusFault_Handler
 .text.UsageFault_Handler
                0x08001168        0x8 ./Core/Src/stm32f4xx_it.o
                0x08001168                UsageFault_Handler
 .text.SVC_Handler
                0x08001170        0xe ./Core/Src/stm32f4xx_it.o
                0x08001170                SVC_Handler
 .text.DebugMon_Handler
                0x0800117e        0xe ./Core/Src/stm32f4xx_it.o
                0x0800117e                DebugMon_Handler
 .text.PendSV_Handler
                0x0800118c        0xe ./Core/Src/stm32f4xx_it.o
                0x0800118c                PendSV_Handler
 .text.SysTick_Handler
                0x0800119a        0xc ./Core/Src/stm32f4xx_it.o
                0x0800119a                SysTick_Handler
 *fill*         0x080011a6        0x2 
 .text.ADC_IRQHandler
                0x080011a8       0x14 ./Core/Src/stm32f4xx_it.o
                0x080011a8                ADC_IRQHandler
 .text.DMA2_Stream0_IRQHandler
                0x080011bc       0x14 ./Core/Src/stm32f4xx_it.o
                0x080011bc                DMA2_Stream0_IRQHandler
 .text.OTG_FS_IRQHandler
                0x080011d0       0x14 ./Core/Src/stm32f4xx_it.o
                0x080011d0                OTG_FS_IRQHandler
 .text.SystemInit
                0x080011e4       0x24 ./Core/Src/system_stm32f4xx.o
                0x080011e4                SystemInit
 .text.Reset_Handler
                0x08001208       0x50 ./Core/Startup/startup_stm32f411ceux.o
                0x08001208                Reset_Handler
 .text.Default_Handler
                0x08001258        0x2 ./Core/Startup/startup_stm32f411ceux.o
                0x08001258                RTC_Alarm_IRQHandler
                0x08001258                EXTI2_IRQHandler
                0x08001258                SPI4_IRQHandler
                0x08001258                TIM1_CC_IRQHandler
                0x08001258                DMA2_Stream5_IRQHandler
                0x08001258                DMA1_Stream5_IRQHandler
                0x08001258                PVD_IRQHandler
                0x08001258                SDIO_IRQHandler
                0x08001258                TAMP_STAMP_IRQHandler
                0x08001258                EXTI3_IRQHandler
                0x08001258                TIM1_UP_TIM10_IRQHandler
                0x08001258                I2C3_ER_IRQHandler
                0x08001258                EXTI0_IRQHandler
                0x08001258                I2C2_EV_IRQHandler
                0x08001258                DMA1_Stream2_IRQHandler
                0x08001258                FPU_IRQHandler
                0x08001258                DMA2_Stream2_IRQHandler
                0x08001258                SPI1_IRQHandler
                0x08001258                TIM1_BRK_TIM9_IRQHandler
                0x08001258                DMA2_Stream3_IRQHandler
                0x08001258                USART6_IRQHandler
                0x08001258                TIM4_IRQHandler
                0x08001258                I2C1_EV_IRQHandler
                0x08001258                DMA1_Stream6_IRQHandler
                0x08001258                DMA1_Stream1_IRQHandler
                0x08001258                TIM3_IRQHandler
                0x08001258                RCC_IRQHandler
                0x08001258                Default_Handler
                0x08001258                EXTI15_10_IRQHandler
                0x08001258                DMA1_Stream7_IRQHandler
                0x08001258                SPI5_IRQHandler
                0x08001258                TIM5_IRQHandler
                0x08001258                DMA2_Stream7_IRQHandler
                0x08001258                I2C3_EV_IRQHandler
                0x08001258                EXTI9_5_IRQHandler
                0x08001258                RTC_WKUP_IRQHandler
                0x08001258                SPI2_IRQHandler
                0x08001258                DMA1_Stream0_IRQHandler
                0x08001258                EXTI4_IRQHandler
                0x08001258                WWDG_IRQHandler
                0x08001258                TIM2_IRQHandler
                0x08001258                OTG_FS_WKUP_IRQHandler
                0x08001258                TIM1_TRG_COM_TIM11_IRQHandler
                0x08001258                EXTI1_IRQHandler
                0x08001258                USART2_IRQHandler
                0x08001258                I2C2_ER_IRQHandler
                0x08001258                DMA2_Stream1_IRQHandler
                0x08001258                FLASH_IRQHandler
                0x08001258                DMA2_Stream4_IRQHandler
                0x08001258                USART1_IRQHandler
                0x08001258                SPI3_IRQHandler
                0x08001258                DMA1_Stream4_IRQHandler
                0x08001258                I2C1_ER_IRQHandler
                0x08001258                DMA2_Stream6_IRQHandler
                0x08001258                DMA1_Stream3_IRQHandler
 *fill*         0x0800125a        0x2 
 .text.HAL_Init
                0x0800125c       0x44 ./Drivers/STM32F4xx_HAL_Driver/Src/stm32f4xx_hal.o
                0x0800125c                HAL_Init
 .text.HAL_InitTick
                0x080012a0       0x60 ./Drivers/STM32F4xx_HAL_Driver/Src/stm32f4xx_hal.o
                0x080012a0                HAL_InitTick
 .text.HAL_IncTick
                0x08001300       0x28 ./Drivers/STM32F4xx_HAL_Driver/Src/stm32f4xx_hal.o
                0x08001300                HAL_IncTick
 .text.HAL_GetTick
                0x08001328       0x18 ./Drivers/STM32F4xx_HAL_Driver/Src/stm32f4xx_hal.o
                0x08001328                HAL_GetTick
 .text.HAL_Delay
                0x08001340       0x48 ./Drivers/STM32F4xx_HAL_Driver/Src/stm32f4xx_hal.o
                0x08001340                HAL_Delay
 .text.HAL_ADC_Init
                0x08001388       0x86 ./Drivers/STM32F4xx_HAL_Driver/Src/stm32f4xx_hal_adc.o
                0x08001388                HAL_ADC_Init
 .text.HAL_ADC_IRQHandler
                0x0800140e      0x220 ./Drivers/STM32F4xx_HAL_Driver/Src/stm32f4xx_hal_adc.o
                0x0800140e                HAL_ADC_IRQHandler
 *fill*         0x0800162e        0x2 
 .text.HAL_ADC_Start_DMA
                0x08001630      0x1e8 ./Drivers/STM32F4xx_HAL_Driver/Src/stm32f4xx_hal_adc.o
                0x08001630                HAL_ADC_Start_DMA
 .text.HAL_ADC_ConvHalfCpltCallback
                0x08001818       0x14 ./Drivers/STM32F4xx_HAL_Driver/Src/stm32f4xx_hal_adc.o
                0x08001818                HAL_ADC_ConvHalfCpltCallback
 .text.HAL_ADC_LevelOutOfWindowCallback
                0x0800182c       0x14 ./Drivers/STM32F4xx_HAL_Driver/Src/stm32f4xx_hal_adc.o
                0x0800182c                HAL_ADC_LevelOutOfWindowCallback
 .text.HAL_ADC_ErrorCallback
                0x08001840       0x14 ./Drivers/STM32F4xx_HAL_Driver/Src/stm32f4xx_hal_adc.o
                0x08001840                HAL_ADC_ErrorCallback
 .text.HAL_ADC_ConfigChannel
                0x08001854      0x264 ./Drivers/STM32F4xx_HAL_Driver/Src/stm32f4xx_hal_adc.o
                0x08001854                HAL_ADC_ConfigChannel
 .text.ADC_Init
                0x08001ab8      0x1f8 ./Drivers/STM32F4xx_HAL_Driver/Src/stm32f4xx_hal_adc.o
 .text.ADC_DMAConvCplt
                0x08001cb0       0xba ./Drivers/STM32F4xx_HAL_Driver/Src/stm32f4xx_hal_adc.o
 .text.ADC_DMAHalfConvCplt
                0x08001d6a       0x1c ./Drivers/STM32F4xx_HAL_Driver/Src/stm32f4xx_hal_adc.o
 .text.ADC_DMAError
                0x08001d86       0x2e ./Drivers/STM32F4xx_HAL_Driver/Src/stm32f4xx_hal_adc.o
 .text.HAL_ADCEx_InjectedConvCpltCallback
                0x08001db4       0x14 ./Drivers/STM32F4xx_HAL_Driver/Src/stm32f4xx_hal_adc_ex.o
                0x08001db4                HAL_ADCEx_InjectedConvCpltCallback
 .text.__NVIC_SetPriorityGrouping
                0x08001dc8       0x48 ./Drivers/STM32F4xx_HAL_Driver/Src/stm32f4xx_hal_cortex.o
 .text.__NVIC_GetPriorityGrouping
                0x08001e10       0x1c ./Drivers/STM32F4xx_HAL_Driver/Src/stm32f4xx_hal_cortex.o
 .text.__NVIC_EnableIRQ
                0x08001e2c       0x3c ./Drivers/STM32F4xx_HAL_Driver/Src/stm32f4xx_hal_cortex.o
 .text.__NVIC_SetPriority
                0x08001e68       0x54 ./Drivers/STM32F4xx_HAL_Driver/Src/stm32f4xx_hal_cortex.o
 .text.NVIC_EncodePriority
                0x08001ebc       0x66 ./Drivers/STM32F4xx_HAL_Driver/Src/stm32f4xx_hal_cortex.o
 *fill*         0x08001f22        0x2 
 .text.SysTick_Config
                0x08001f24       0x44 ./Drivers/STM32F4xx_HAL_Driver/Src/stm32f4xx_hal_cortex.o
 .text.HAL_NVIC_SetPriorityGrouping
                0x08001f68       0x16 ./Drivers/STM32F4xx_HAL_Driver/Src/stm32f4xx_hal_cortex.o
                0x08001f68                HAL_NVIC_SetPriorityGrouping
 .text.HAL_NVIC_SetPriority
                0x08001f7e       0x38 ./Drivers/STM32F4xx_HAL_Driver/Src/stm32f4xx_hal_cortex.o
                0x08001f7e                HAL_NVIC_SetPriority
 .text.HAL_NVIC_EnableIRQ
                0x08001fb6       0x1c ./Drivers/STM32F4xx_HAL_Driver/Src/stm32f4xx_hal_cortex.o
                0x08001fb6                HAL_NVIC_EnableIRQ
 .text.HAL_SYSTICK_Config
                0x08001fd2       0x18 ./Drivers/STM32F4xx_HAL_Driver/Src/stm32f4xx_hal_cortex.o
                0x08001fd2                HAL_SYSTICK_Config
 *fill*         0x08001fea        0x2 
 .text.HAL_DMA_Init
                0x08001fec      0x15c ./Drivers/STM32F4xx_HAL_Driver/Src/stm32f4xx_hal_dma.o
                0x08001fec                HAL_DMA_Init
 .text.HAL_DMA_Start_IT
                0x08002148       0xb0 ./Drivers/STM32F4xx_HAL_Driver/Src/stm32f4xx_hal_dma.o
                0x08002148                HAL_DMA_Start_IT
 .text.HAL_DMA_IRQHandler
                0x080021f8      0x314 ./Drivers/STM32F4xx_HAL_Driver/Src/stm32f4xx_hal_dma.o
                0x080021f8                HAL_DMA_IRQHandler
 .text.DMA_SetConfig
                0x0800250c       0x5c ./Drivers/STM32F4xx_HAL_Driver/Src/stm32f4xx_hal_dma.o
 .text.DMA_CalcBaseAndBitshift
                0x08002568       0x6c ./Drivers/STM32F4xx_HAL_Driver/Src/stm32f4xx_hal_dma.o
 .text.DMA_CheckFifoParam
                0x080025d4       0xf8 ./Drivers/STM32F4xx_HAL_Driver/Src/stm32f4xx_hal_dma.o
 .text.HAL_GPIO_Init
                0x080026cc      0x308 ./Drivers/STM32F4xx_HAL_Driver/Src/stm32f4xx_hal_gpio.o
                0x080026cc                HAL_GPIO_Init
 .text.HAL_PCD_Init
                0x080029d4      0x21e ./Drivers/STM32F4xx_HAL_Driver/Src/stm32f4xx_hal_pcd.o
                0x080029d4                HAL_PCD_Init
 .text.HAL_PCD_Start
                0x08002bf2       0x6a ./Drivers/STM32F4xx_HAL_Driver/Src/stm32f4xx_hal_pcd.o
                0x08002bf2                HAL_PCD_Start
 .text.HAL_PCD_IRQHandler
                0x08002c5c      0x942 ./Drivers/STM32F4xx_HAL_Driver/Src/stm32f4xx_hal_pcd.o
                0x08002c5c                HAL_PCD_IRQHandler
 .text.HAL_PCD_SetAddress
                0x0800359e       0x48 ./Drivers/STM32F4xx_HAL_Driver/Src/stm32f4xx_hal_pcd.o
                0x0800359e                HAL_PCD_SetAddress
 .text.HAL_PCD_EP_Open
                0x080035e6       0xd4 ./Drivers/STM32F4xx_HAL_Driver/Src/stm32f4xx_hal_pcd.o
                0x080035e6                HAL_PCD_EP_Open
 .text.HAL_PCD_EP_Close
                0x080036ba       0x94 ./Drivers/STM32F4xx_HAL_Driver/Src/stm32f4xx_hal_pcd.o
                0x080036ba                HAL_PCD_EP_Close
 .text.HAL_PCD_EP_Receive
                0x0800374e       0x76 ./Drivers/STM32F4xx_HAL_Driver/Src/stm32f4xx_hal_pcd.o
                0x0800374e                HAL_PCD_EP_Receive
 .text.HAL_PCD_EP_GetRxCount
                0x080037c4       0x30 ./Drivers/STM32F4xx_HAL_Driver/Src/stm32f4xx_hal_pcd.o
                0x080037c4                HAL_PCD_EP_GetRxCount
 .text.HAL_PCD_EP_Transmit
                0x080037f4       0x74 ./Drivers/STM32F4xx_HAL_Driver/Src/stm32f4xx_hal_pcd.o
                0x080037f4                HAL_PCD_EP_Transmit
 .text.HAL_PCD_EP_SetStall
                0x08003868       0xc6 ./Drivers/STM32F4xx_HAL_Driver/Src/stm32f4xx_hal_pcd.o
                0x08003868                HAL_PCD_EP_SetStall
 .text.HAL_PCD_EP_ClrStall
                0x0800392e       0xac ./Drivers/STM32F4xx_HAL_Driver/Src/stm32f4xx_hal_pcd.o
                0x0800392e                HAL_PCD_EP_ClrStall
 .text.HAL_PCD_EP_Abort
                0x080039da       0x62 ./Drivers/STM32F4xx_HAL_Driver/Src/stm32f4xx_hal_pcd.o
                0x080039da                HAL_PCD_EP_Abort
 .text.PCD_WriteEmptyTxFifo
                0x08003a3c      0x118 ./Drivers/STM32F4xx_HAL_Driver/Src/stm32f4xx_hal_pcd.o
 .text.PCD_EP_OutXfrComplete_int
                0x08003b54      0x1d0 ./Drivers/STM32F4xx_HAL_Driver/Src/stm32f4xx_hal_pcd.o
 .text.PCD_EP_OutSetupPacket_int
                0x08003d24       0x8c ./Drivers/STM32F4xx_HAL_Driver/Src/stm32f4xx_hal_pcd.o
 .text.HAL_PCDEx_SetTxFiFo
                0x08003db0       0x8e ./Drivers/STM32F4xx_HAL_Driver/Src/stm32f4xx_hal_pcd_ex.o
                0x08003db0                HAL_PCDEx_SetTxFiFo
 .text.HAL_PCDEx_SetRxFiFo
                0x08003e3e       0x22 ./Drivers/STM32F4xx_HAL_Driver/Src/stm32f4xx_hal_pcd_ex.o
                0x08003e3e                HAL_PCDEx_SetRxFiFo
 .text.HAL_PCDEx_LPM_Callback
                0x08003e60       0x18 ./Drivers/STM32F4xx_HAL_Driver/Src/stm32f4xx_hal_pcd_ex.o
                0x08003e60                HAL_PCDEx_LPM_Callback
 .text.HAL_RCC_OscConfig
                0x08003e78      0x4f0 ./Drivers/STM32F4xx_HAL_Driver/Src/stm32f4xx_hal_rcc.o
                0x08003e78                HAL_RCC_OscConfig
 .text.HAL_RCC_ClockConfig
                0x08004368      0x1cc ./Drivers/STM32F4xx_HAL_Driver/Src/stm32f4xx_hal_rcc.o
                0x08004368                HAL_RCC_ClockConfig
 .text.HAL_RCC_GetSysClockFreq
                0x08004534      0x18c ./Drivers/STM32F4xx_HAL_Driver/Src/stm32f4xx_hal_rcc.o
                0x08004534                HAL_RCC_GetSysClockFreq
 .text.HAL_RCC_GetHCLKFreq
                0x080046c0       0x18 ./Drivers/STM32F4xx_HAL_Driver/Src/stm32f4xx_hal_rcc.o
                0x080046c0                HAL_RCC_GetHCLKFreq
 .text.HAL_TIM_Base_Init
                0x080046d8       0x9e ./Drivers/STM32F4xx_HAL_Driver/Src/stm32f4xx_hal_tim.o
                0x080046d8                HAL_TIM_Base_Init
 .text.HAL_TIM_PWM_Init
                0x08004776       0x9e ./Drivers/STM32F4xx_HAL_Driver/Src/stm32f4xx_hal_tim.o
                0x08004776                HAL_TIM_PWM_Init
 .text.HAL_TIM_PWM_Start
                0x08004814      0x160 ./Drivers/STM32F4xx_HAL_Driver/Src/stm32f4xx_hal_tim.o
                0x08004814                HAL_TIM_PWM_Start
 .text.HAL_TIM_OnePulse_Init
                0x08004974       0xa0 ./Drivers/STM32F4xx_HAL_Driver/Src/stm32f4xx_hal_tim.o
                0x08004974                HAL_TIM_OnePulse_Init
 .text.HAL_TIM_OnePulse_MspInit
                0x08004a14       0x14 ./Drivers/STM32F4xx_HAL_Driver/Src/stm32f4xx_hal_tim.o
                0x08004a14                HAL_TIM_OnePulse_MspInit
 .text.HAL_TIM_PWM_ConfigChannel
                0x08004a28      0x184 ./Drivers/STM32F4xx_HAL_Driver/Src/stm32f4xx_hal_tim.o
                0x08004a28                HAL_TIM_PWM_ConfigChannel
 .text.HAL_TIM_SlaveConfigSynchro
                0x08004bac       0x84 ./Drivers/STM32F4xx_HAL_Driver/Src/stm32f4xx_hal_tim.o
                0x08004bac                HAL_TIM_SlaveConfigSynchro
 .text.TIM_Base_SetConfig
                0x08004c30      0x10c ./Drivers/STM32F4xx_HAL_Driver/Src/stm32f4xx_hal_tim.o
                0x08004c30                TIM_Base_SetConfig
 .text.TIM_OC1_SetConfig
                0x08004d3c       0xcc ./Drivers/STM32F4xx_HAL_Driver/Src/stm32f4xx_hal_tim.o
 .text.TIM_OC2_SetConfig
                0x08004e08       0xd8 ./Drivers/STM32F4xx_HAL_Driver/Src/stm32f4xx_hal_tim.o
                0x08004e08                TIM_OC2_SetConfig
 .text.TIM_OC3_SetConfig
                0x08004ee0       0xd4 ./Drivers/STM32F4xx_HAL_Driver/Src/stm32f4xx_hal_tim.o
 .text.TIM_OC4_SetConfig
                0x08004fb4       0xa0 ./Drivers/STM32F4xx_HAL_Driver/Src/stm32f4xx_hal_tim.o
 .text.TIM_SlaveTimer_SetConfig
                0x08005054      0x122 ./Drivers/STM32F4xx_HAL_Driver/Src/stm32f4xx_hal_tim.o
 .text.TIM_TI1_ConfigInputStage
                0x08005176       0x5e ./Drivers/STM32F4xx_HAL_Driver/Src/stm32f4xx_hal_tim.o
 .text.TIM_TI2_ConfigInputStage
                0x080051d4       0x60 ./Drivers/STM32F4xx_HAL_Driver/Src/stm32f4xx_hal_tim.o
 .text.TIM_ETR_SetConfig
                0x08005234       0x40 ./Drivers/STM32F4xx_HAL_Driver/Src/stm32f4xx_hal_tim.o
                0x08005234                TIM_ETR_SetConfig
 .text.TIM_CCxChannelCmd
                0x08005274       0x4a ./Drivers/STM32F4xx_HAL_Driver/Src/stm32f4xx_hal_tim.o
                0x08005274                TIM_CCxChannelCmd
 *fill*         0x080052be        0x2 
 .text.HAL_TIMEx_MasterConfigSynchronization
                0x080052c0       0xdc ./Drivers/STM32F4xx_HAL_Driver/Src/stm32f4xx_hal_tim_ex.o
                0x080052c0                HAL_TIMEx_MasterConfigSynchronization
 .text.HAL_TIMEx_ConfigBreakDeadTime
                0x0800539c       0xa4 ./Drivers/STM32F4xx_HAL_Driver/Src/stm32f4xx_hal_tim_ex.o
                0x0800539c                HAL_TIMEx_ConfigBreakDeadTime
 .text.USB_CoreInit
                0x08005440       0xc8 ./Drivers/STM32F4xx_HAL_Driver/Src/stm32f4xx_ll_usb.o
                0x08005440                USB_CoreInit
 .text.USB_SetTurnaroundTime
                0x08005508      0x144 ./Drivers/STM32F4xx_HAL_Driver/Src/stm32f4xx_ll_usb.o
                0x08005508                USB_SetTurnaroundTime
 .text.USB_EnableGlobalInt
                0x0800564c       0x22 ./Drivers/STM32F4xx_HAL_Driver/Src/stm32f4xx_ll_usb.o
                0x0800564c                USB_EnableGlobalInt
 .text.USB_DisableGlobalInt
                0x0800566e       0x22 ./Drivers/STM32F4xx_HAL_Driver/Src/stm32f4xx_ll_usb.o
                0x0800566e                USB_DisableGlobalInt
 .text.USB_SetCurrentMode
                0x08005690       0x98 ./Drivers/STM32F4xx_HAL_Driver/Src/stm32f4xx_ll_usb.o
                0x08005690                USB_SetCurrentMode
 .text.USB_DevInit
                0x08005728      0x2c8 ./Drivers/STM32F4xx_HAL_Driver/Src/stm32f4xx_ll_usb.o
                0x08005728                USB_DevInit
 .text.USB_FlushTxFifo
                0x080059f0       0x64 ./Drivers/STM32F4xx_HAL_Driver/Src/stm32f4xx_ll_usb.o
                0x080059f0                USB_FlushTxFifo
 .text.USB_FlushRxFifo
                0x08005a54       0x5c ./Drivers/STM32F4xx_HAL_Driver/Src/stm32f4xx_ll_usb.o
                0x08005a54                USB_FlushRxFifo
 .text.USB_SetDevSpeed
                0x08005ab0       0x32 ./Drivers/STM32F4xx_HAL_Driver/Src/stm32f4xx_ll_usb.o
                0x08005ab0                USB_SetDevSpeed
 .text.USB_GetDevSpeed
                0x08005ae2       0x4a ./Drivers/STM32F4xx_HAL_Driver/Src/stm32f4xx_ll_usb.o
                0x08005ae2                USB_GetDevSpeed
 .text.USB_ActivateEndpoint
                0x08005b2c      0x10e ./Drivers/STM32F4xx_HAL_Driver/Src/stm32f4xx_ll_usb.o
                0x08005b2c                USB_ActivateEndpoint
 *fill*         0x08005c3a        0x2 
 .text.USB_DeactivateEndpoint
                0x08005c3c      0x1b8 ./Drivers/STM32F4xx_HAL_Driver/Src/stm32f4xx_ll_usb.o
                0x08005c3c                USB_DeactivateEndpoint
 .text.USB_EPStartXfer
                0x08005df4      0x53c ./Drivers/STM32F4xx_HAL_Driver/Src/stm32f4xx_ll_usb.o
                0x08005df4                USB_EPStartXfer
 .text.USB_EPStopXfer
                0x08006330      0x154 ./Drivers/STM32F4xx_HAL_Driver/Src/stm32f4xx_ll_usb.o
                0x08006330                USB_EPStopXfer
 .text.USB_WritePacket
                0x08006484       0x7c ./Drivers/STM32F4xx_HAL_Driver/Src/stm32f4xx_ll_usb.o
                0x08006484                USB_WritePacket
 .text.USB_ReadPacket
                0x08006500       0xb0 ./Drivers/STM32F4xx_HAL_Driver/Src/stm32f4xx_ll_usb.o
                0x08006500                USB_ReadPacket
 .text.USB_EPSetStall
                0x080065b0       0xdc ./Drivers/STM32F4xx_HAL_Driver/Src/stm32f4xx_ll_usb.o
                0x080065b0                USB_EPSetStall
 .text.USB_EPClearStall
                0x0800668c       0xcc ./Drivers/STM32F4xx_HAL_Driver/Src/stm32f4xx_ll_usb.o
                0x0800668c                USB_EPClearStall
 .text.USB_SetDevAddress
                0x08006758       0x4c ./Drivers/STM32F4xx_HAL_Driver/Src/stm32f4xx_ll_usb.o
                0x08006758                USB_SetDevAddress
 .text.USB_DevConnect
                0x080067a4       0x42 ./Drivers/STM32F4xx_HAL_Driver/Src/stm32f4xx_ll_usb.o
                0x080067a4                USB_DevConnect
 .text.USB_DevDisconnect
                0x080067e6       0x42 ./Drivers/STM32F4xx_HAL_Driver/Src/stm32f4xx_ll_usb.o
                0x080067e6                USB_DevDisconnect
 .text.USB_ReadInterrupts
                0x08006828       0x26 ./Drivers/STM32F4xx_HAL_Driver/Src/stm32f4xx_ll_usb.o
                0x08006828                USB_ReadInterrupts
 .text.USB_ReadDevAllOutEpInterrupt
                0x0800684e       0x34 ./Drivers/STM32F4xx_HAL_Driver/Src/stm32f4xx_ll_usb.o
                0x0800684e                USB_ReadDevAllOutEpInterrupt
 .text.USB_ReadDevAllInEpInterrupt
                0x08006882       0x34 ./Drivers/STM32F4xx_HAL_Driver/Src/stm32f4xx_ll_usb.o
                0x08006882                USB_ReadDevAllInEpInterrupt
 .text.USB_ReadDevOutEPInterrupt
                0x080068b6       0x3c ./Drivers/STM32F4xx_HAL_Driver/Src/stm32f4xx_ll_usb.o
                0x080068b6                USB_ReadDevOutEPInterrupt
 .text.USB_ReadDevInEPInterrupt
                0x080068f2       0x5c ./Drivers/STM32F4xx_HAL_Driver/Src/stm32f4xx_ll_usb.o
                0x080068f2                USB_ReadDevInEPInterrupt
 .text.USB_GetMode
                0x0800694e       0x1c ./Drivers/STM32F4xx_HAL_Driver/Src/stm32f4xx_ll_usb.o
                0x0800694e                USB_GetMode
 .text.USB_ActivateSetup
                0x0800696a       0x46 ./Drivers/STM32F4xx_HAL_Driver/Src/stm32f4xx_ll_usb.o
                0x0800696a                USB_ActivateSetup
 .text.USB_EP0_OutStart
                0x080069b0       0xbc ./Drivers/STM32F4xx_HAL_Driver/Src/stm32f4xx_ll_usb.o
                0x080069b0                USB_EP0_OutStart
 .text.USB_CoreReset
                0x08006a6c       0x70 ./Drivers/STM32F4xx_HAL_Driver/Src/stm32f4xx_ll_usb.o
 .text.USBD_CDC_Init
                0x08006adc      0x1f0 ./Middlewares/ST/STM32_USB_Device_Library/Class/CDC/Src/usbd_cdc.o
 .text.USBD_CDC_DeInit
                0x08006ccc      0x104 ./Middlewares/ST/STM32_USB_Device_Library/Class/CDC/Src/usbd_cdc.o
 .text.USBD_CDC_Setup
                0x08006dd0      0x1b8 ./Middlewares/ST/STM32_USB_Device_Library/Class/CDC/Src/usbd_cdc.o
 .text.USBD_CDC_DataIn
                0x08006f88       0xfe ./Middlewares/ST/STM32_USB_Device_Library/Class/CDC/Src/usbd_cdc.o
 .text.USBD_CDC_DataOut
                0x08007086       0x70 ./Middlewares/ST/STM32_USB_Device_Library/Class/CDC/Src/usbd_cdc.o
 .text.USBD_CDC_EP0_RxReady
                0x080070f6       0x74 ./Middlewares/ST/STM32_USB_Device_Library/Class/CDC/Src/usbd_cdc.o
 *fill*         0x0800716a        0x2 
 .text.USBD_CDC_GetFSCfgDesc
                0x0800716c       0x70 ./Middlewares/ST/STM32_USB_Device_Library/Class/CDC/Src/usbd_cdc.o
 .text.USBD_CDC_GetHSCfgDesc
                0x080071dc       0x70 ./Middlewares/ST/STM32_USB_Device_Library/Class/CDC/Src/usbd_cdc.o
 .text.USBD_CDC_GetOtherSpeedCfgDesc
                0x0800724c       0x70 ./Middlewares/ST/STM32_USB_Device_Library/Class/CDC/Src/usbd_cdc.o
 .text.USBD_CDC_GetDeviceQualifierDescriptor
                0x080072bc       0x20 ./Middlewares/ST/STM32_USB_Device_Library/Class/CDC/Src/usbd_cdc.o
                0x080072bc                USBD_CDC_GetDeviceQualifierDescriptor
 .text.USBD_CDC_RegisterInterface
                0x080072dc       0x34 ./Middlewares/ST/STM32_USB_Device_Library/Class/CDC/Src/usbd_cdc.o
                0x080072dc                USBD_CDC_RegisterInterface
 .text.USBD_CDC_SetTxBuffer
                0x08007310       0x44 ./Middlewares/ST/STM32_USB_Device_Library/Class/CDC/Src/usbd_cdc.o
                0x08007310                USBD_CDC_SetTxBuffer
 .text.USBD_CDC_SetRxBuffer
                0x08007354       0x3a ./Middlewares/ST/STM32_USB_Device_Library/Class/CDC/Src/usbd_cdc.o
                0x08007354                USBD_CDC_SetRxBuffer
 *fill*         0x0800738e        0x2 
 .text.USBD_CDC_TransmitPacket
                0x08007390       0x80 ./Middlewares/ST/STM32_USB_Device_Library/Class/CDC/Src/usbd_cdc.o
                0x08007390                USBD_CDC_TransmitPacket
 .text.USBD_CDC_ReceivePacket
                0x08007410       0x6c ./Middlewares/ST/STM32_USB_Device_Library/Class/CDC/Src/usbd_cdc.o
                0x08007410                USBD_CDC_ReceivePacket
 .text.USBD_Init
                0x0800747c       0x60 ./Middlewares/ST/STM32_USB_Device_Library/Core/Src/usbd_core.o
                0x0800747c                USBD_Init
 .text.USBD_RegisterClass
                0x080074dc       0x6c ./Middlewares/ST/STM32_USB_Device_Library/Core/Src/usbd_core.o
                0x080074dc                USBD_RegisterClass
 .text.USBD_Start
                0x08007548       0x18 ./Middlewares/ST/STM32_USB_Device_Library/Core/Src/usbd_core.o
                0x08007548                USBD_Start
 .text.USBD_RunTestMode
                0x08007560       0x16 ./Middlewares/ST/STM32_USB_Device_Library/Core/Src/usbd_core.o
                0x08007560                USBD_RunTestMode
 .text.USBD_SetClassConfig
                0x08007576       0x38 ./Middlewares/ST/STM32_USB_Device_Library/Core/Src/usbd_core.o
                0x08007576                USBD_SetClassConfig
 .text.USBD_ClrClassConfig
                0x080075ae       0x34 ./Middlewares/ST/STM32_USB_Device_Library/Core/Src/usbd_core.o
                0x080075ae                USBD_ClrClassConfig
 .text.USBD_LL_SetupStage
                0x080075e2       0xaa ./Middlewares/ST/STM32_USB_Device_Library/Core/Src/usbd_core.o
                0x080075e2                USBD_LL_SetupStage
 .text.USBD_LL_DataOutStage
                0x0800768c      0x178 ./Middlewares/ST/STM32_USB_Device_Library/Core/Src/usbd_core.o
                0x0800768c                USBD_LL_DataOutStage
 .text.USBD_LL_DataInStage
                0x08007804      0x176 ./Middlewares/ST/STM32_USB_Device_Library/Core/Src/usbd_core.o
                0x08007804                USBD_LL_DataInStage
 .text.USBD_LL_Reset
                0x0800797a       0xa6 ./Middlewares/ST/STM32_USB_Device_Library/Core/Src/usbd_core.o
                0x0800797a                USBD_LL_Reset
 .text.USBD_LL_SetSpeed
                0x08007a20       0x20 ./Middlewares/ST/STM32_USB_Device_Library/Core/Src/usbd_core.o
                0x08007a20                USBD_LL_SetSpeed
 .text.USBD_LL_Suspend
                0x08007a40       0x38 ./Middlewares/ST/STM32_USB_Device_Library/Core/Src/usbd_core.o
                0x08007a40                USBD_LL_Suspend
 .text.USBD_LL_Resume
                0x08007a78       0x30 ./Middlewares/ST/STM32_USB_Device_Library/Core/Src/usbd_core.o
                0x08007a78                USBD_LL_Resume
 .text.USBD_LL_SOF
                0x08007aa8       0x40 ./Middlewares/ST/STM32_USB_Device_Library/Core/Src/usbd_core.o
                0x08007aa8                USBD_LL_SOF
 .text.USBD_LL_IsoINIncomplete
                0x08007ae8       0x64 ./Middlewares/ST/STM32_USB_Device_Library/Core/Src/usbd_core.o
                0x08007ae8                USBD_LL_IsoINIncomplete
 .text.USBD_LL_IsoOUTIncomplete
                0x08007b4c       0x64 ./Middlewares/ST/STM32_USB_Device_Library/Core/Src/usbd_core.o
                0x08007b4c                USBD_LL_IsoOUTIncomplete
 .text.USBD_LL_DevConnected
                0x08007bb0       0x16 ./Middlewares/ST/STM32_USB_Device_Library/Core/Src/usbd_core.o
                0x08007bb0                USBD_LL_DevConnected
 .text.USBD_LL_DevDisconnected
                0x08007bc6       0x46 ./Middlewares/ST/STM32_USB_Device_Library/Core/Src/usbd_core.o
                0x08007bc6                USBD_LL_DevDisconnected
 .text.USBD_CoreFindIF
                0x08007c0c       0x1a ./Middlewares/ST/STM32_USB_Device_Library/Core/Src/usbd_core.o
                0x08007c0c                USBD_CoreFindIF
 .text.USBD_CoreFindEP
                0x08007c26       0x1a ./Middlewares/ST/STM32_USB_Device_Library/Core/Src/usbd_core.o
                0x08007c26                USBD_CoreFindEP
 .text.USBD_GetEpDesc
                0x08007c40       0x70 ./Middlewares/ST/STM32_USB_Device_Library/Core/Src/usbd_core.o
                0x08007c40                USBD_GetEpDesc
 .text.USBD_GetNextDesc
                0x08007cb0       0x38 ./Middlewares/ST/STM32_USB_Device_Library/Core/Src/usbd_core.o
                0x08007cb0                USBD_GetNextDesc
 .text.SWAPBYTE
                0x08007ce8       0x3e ./Middlewares/ST/STM32_USB_Device_Library/Core/Src/usbd_ctlreq.o
 *fill*         0x08007d26        0x2 
 .text.USBD_StdDevReq
                0x08007d28       0xe4 ./Middlewares/ST/STM32_USB_Device_Library/Core/Src/usbd_ctlreq.o
                0x08007d28                USBD_StdDevReq
 .text.USBD_StdItfReq
                0x08007e0c       0xd8 ./Middlewares/ST/STM32_USB_Device_Library/Core/Src/usbd_ctlreq.o
                0x08007e0c                USBD_StdItfReq
 .text.USBD_StdEPReq
                0x08007ee4      0x33e ./Middlewares/ST/STM32_USB_Device_Library/Core/Src/usbd_ctlreq.o
                0x08007ee4                USBD_StdEPReq
 *fill*         0x08008222        0x2 
 .text.USBD_GetDescriptor
                0x08008224      0x2d4 ./Middlewares/ST/STM32_USB_Device_Library/Core/Src/usbd_ctlreq.o
 .text.USBD_SetAddress
                0x080084f8       0x88 ./Middlewares/ST/STM32_USB_Device_Library/Core/Src/usbd_ctlreq.o
 .text.USBD_SetConfig
                0x08008580      0x154 ./Middlewares/ST/STM32_USB_Device_Library/Core/Src/usbd_ctlreq.o
 .text.USBD_GetConfig
                0x080086d4       0x6c ./Middlewares/ST/STM32_USB_Device_Library/Core/Src/usbd_ctlreq.o
 .text.USBD_GetStatus
                0x08008740       0x68 ./Middlewares/ST/STM32_USB_Device_Library/Core/Src/usbd_ctlreq.o
 .text.USBD_SetFeature
                0x080087a8       0x52 ./Middlewares/ST/STM32_USB_Device_Library/Core/Src/usbd_ctlreq.o
 .text.USBD_ClrFeature
                0x080087fa       0x44 ./Middlewares/ST/STM32_USB_Device_Library/Core/Src/usbd_ctlreq.o
 .text.USBD_ParseSetupRequest
                0x0800883e       0x74 ./Middlewares/ST/STM32_USB_Device_Library/Core/Src/usbd_ctlreq.o
                0x0800883e                USBD_ParseSetupRequest
 .text.USBD_CtlError
                0x080088b2       0x22 ./Middlewares/ST/STM32_USB_Device_Library/Core/Src/usbd_ctlreq.o
                0x080088b2                USBD_CtlError
 .text.USBD_GetString
                0x080088d4       0xa4 ./Middlewares/ST/STM32_USB_Device_Library/Core/Src/usbd_ctlreq.o
                0x080088d4                USBD_GetString
 .text.USBD_GetLen
                0x08008978       0x34 ./Middlewares/ST/STM32_USB_Device_Library/Core/Src/usbd_ctlreq.o
 .text.USBD_CtlSendData
                0x080089ac       0x3c ./Middlewares/ST/STM32_USB_Device_Library/Core/Src/usbd_ioreq.o
                0x080089ac                USBD_CtlSendData
 .text.USBD_CtlContinueSendData
                0x080089e8       0x22 ./Middlewares/ST/STM32_USB_Device_Library/Core/Src/usbd_ioreq.o
                0x080089e8                USBD_CtlContinueSendData
 .text.USBD_CtlPrepareRx
                0x08008a0a       0x42 ./Middlewares/ST/STM32_USB_Device_Library/Core/Src/usbd_ioreq.o
                0x08008a0a                USBD_CtlPrepareRx
 .text.USBD_CtlContinueRx
                0x08008a4c       0x22 ./Middlewares/ST/STM32_USB_Device_Library/Core/Src/usbd_ioreq.o
                0x08008a4c                USBD_CtlContinueRx
 .text.USBD_CtlSendStatus
                0x08008a6e       0x26 ./Middlewares/ST/STM32_USB_Device_Library/Core/Src/usbd_ioreq.o
                0x08008a6e                USBD_CtlSendStatus
 .text.USBD_CtlReceiveStatus
                0x08008a94       0x26 ./Middlewares/ST/STM32_USB_Device_Library/Core/Src/usbd_ioreq.o
                0x08008a94                USBD_CtlReceiveStatus
 *fill*         0x08008aba        0x2 
 .text.MX_USB_DEVICE_Init
                0x08008abc       0x60 ./USB_DEVICE/App/usb_device.o
                0x08008abc                MX_USB_DEVICE_Init
 .text.CDC_Init_FS
                0x08008b1c       0x28 ./USB_DEVICE/App/usbd_cdc_if.o
 .text.CDC_DeInit_FS
                0x08008b44       0x10 ./USB_DEVICE/App/usbd_cdc_if.o
 .text.CDC_Control_FS
                0x08008b54      0x15c ./USB_DEVICE/App/usbd_cdc_if.o
 .text.CDC_Receive_FS
                0x08008cb0       0x28 ./USB_DEVICE/App/usbd_cdc_if.o
 .text.CDC_Transmit_FS
                0x08008cd8       0x4c ./USB_DEVICE/App/usbd_cdc_if.o
                0x08008cd8                CDC_Transmit_FS
 .text.CDC_TransmitCplt_FS
                0x08008d24       0x22 ./USB_DEVICE/App/usbd_cdc_if.o
 *fill*         0x08008d46        0x2 
 .text.USBD_FS_DeviceDescriptor
                0x08008d48       0x24 ./USB_DEVICE/App/usbd_desc.o
                0x08008d48                USBD_FS_DeviceDescriptor
 .text.USBD_FS_LangIDStrDescriptor
                0x08008d6c       0x24 ./USB_DEVICE/App/usbd_desc.o
                0x08008d6c                USBD_FS_LangIDStrDescriptor
 .text.USBD_FS_ProductStrDescriptor
                0x08008d90       0x3c ./USB_DEVICE/App/usbd_desc.o
                0x08008d90                USBD_FS_ProductStrDescriptor
 .text.USBD_FS_ManufacturerStrDescriptor
                0x08008dcc       0x28 ./USB_DEVICE/App/usbd_desc.o
                0x08008dcc                USBD_FS_ManufacturerStrDescriptor
 .text.USBD_FS_SerialStrDescriptor
                0x08008df4       0x24 ./USB_DEVICE/App/usbd_desc.o
                0x08008df4                USBD_FS_SerialStrDescriptor
 .text.USBD_FS_ConfigStrDescriptor
                0x08008e18       0x3c ./USB_DEVICE/App/usbd_desc.o
                0x08008e18                USBD_FS_ConfigStrDescriptor
 .text.USBD_FS_InterfaceStrDescriptor
                0x08008e54       0x3c ./USB_DEVICE/App/usbd_desc.o
                0x08008e54                USBD_FS_InterfaceStrDescriptor
 .text.Get_SerialNum
                0x08008e90       0x58 ./USB_DEVICE/App/usbd_desc.o
 .text.IntToUnicode
                0x08008ee8       0x7e ./USB_DEVICE/App/usbd_desc.o
 *fill*         0x08008f66        0x2 
 .text.HAL_PCD_MspInit
                0x08008f68       0xa8 ./USB_DEVICE/Target/usbd_conf.o
                0x08008f68                HAL_PCD_MspInit
 .text.HAL_PCD_SetupStageCallback
                0x08009010       0x24 ./USB_DEVICE/Target/usbd_conf.o
                0x08009010                HAL_PCD_SetupStageCallback
 .text.HAL_PCD_DataOutStageCallback
                0x08009034       0x36 ./USB_DEVICE/Target/usbd_conf.o
                0x08009034                HAL_PCD_DataOutStageCallback
 .text.HAL_PCD_DataInStageCallback
                0x0800906a       0x34 ./USB_DEVICE/Target/usbd_conf.o
                0x0800906a                HAL_PCD_DataInStageCallback
 .text.HAL_PCD_SOFCallback
                0x0800909e       0x1c ./USB_DEVICE/Target/usbd_conf.o
                0x0800909e                HAL_PCD_SOFCallback
 .text.HAL_PCD_ResetCallback
                0x080090ba       0x3c ./USB_DEVICE/Target/usbd_conf.o
                0x080090ba                HAL_PCD_ResetCallback
 *fill*         0x080090f6        0x2 
 .text.HAL_PCD_SuspendCallback
                0x080090f8       0x4c ./USB_DEVICE/Target/usbd_conf.o
                0x080090f8                HAL_PCD_SuspendCallback
 .text.HAL_PCD_ResumeCallback
                0x08009144       0x1c ./USB_DEVICE/Target/usbd_conf.o
                0x08009144                HAL_PCD_ResumeCallback
 .text.HAL_PCD_ISOOUTIncompleteCallback
                0x08009160       0x24 ./USB_DEVICE/Target/usbd_conf.o
                0x08009160                HAL_PCD_ISOOUTIncompleteCallback
 .text.HAL_PCD_ISOINIncompleteCallback
                0x08009184       0x24 ./USB_DEVICE/Target/usbd_conf.o
                0x08009184                HAL_PCD_ISOINIncompleteCallback
 .text.HAL_PCD_ConnectCallback
                0x080091a8       0x1c ./USB_DEVICE/Target/usbd_conf.o
                0x080091a8                HAL_PCD_ConnectCallback
 .text.HAL_PCD_DisconnectCallback
                0x080091c4       0x1c ./USB_DEVICE/Target/usbd_conf.o
                0x080091c4                HAL_PCD_DisconnectCallback
 .text.USBD_LL_Init
                0x080091e0       0x98 ./USB_DEVICE/Target/usbd_conf.o
                0x080091e0                USBD_LL_Init
 .text.USBD_LL_Start
                0x08009278       0x36 ./USB_DEVICE/Target/usbd_conf.o
                0x08009278                USBD_LL_Start
 .text.USBD_LL_OpenEP
                0x080092ae       0x4c ./USB_DEVICE/Target/usbd_conf.o
                0x080092ae                USBD_LL_OpenEP
 .text.USBD_LL_CloseEP
                0x080092fa       0x3e ./USB_DEVICE/Target/usbd_conf.o
                0x080092fa                USBD_LL_CloseEP
 .text.USBD_LL_StallEP
                0x08009338       0x3e ./USB_DEVICE/Target/usbd_conf.o
                0x08009338                USBD_LL_StallEP
 .text.USBD_LL_ClearStallEP
                0x08009376       0x3e ./USB_DEVICE/Target/usbd_conf.o
                0x08009376                USBD_LL_ClearStallEP
 .text.USBD_LL_IsStallEP
                0x080093b4       0x58 ./USB_DEVICE/Target/usbd_conf.o
                0x080093b4                USBD_LL_IsStallEP
 .text.USBD_LL_SetUSBAddress
                0x0800940c       0x3e ./USB_DEVICE/Target/usbd_conf.o
                0x0800940c                USBD_LL_SetUSBAddress
 .text.USBD_LL_Transmit
                0x0800944a       0x42 ./USB_DEVICE/Target/usbd_conf.o
                0x0800944a                USBD_LL_Transmit
 .text.USBD_LL_PrepareReceive
                0x0800948c       0x42 ./USB_DEVICE/Target/usbd_conf.o
                0x0800948c                USBD_LL_PrepareReceive
 .text.USBD_LL_GetRxDataSize
                0x080094ce       0x26 ./USB_DEVICE/Target/usbd_conf.o
                0x080094ce                USBD_LL_GetRxDataSize
 .text.USBD_static_malloc
                0x080094f4       0x1c ./USB_DEVICE/Target/usbd_conf.o
                0x080094f4                USBD_static_malloc
 .text.USBD_static_free
                0x08009510       0x14 ./USB_DEVICE/Target/usbd_conf.o
                0x08009510                USBD_static_free
 .text.USBD_Get_USB_Status
                0x08009524       0x58 ./USB_DEVICE/Target/usbd_conf.o
                0x08009524                USBD_Get_USB_Status
 .text.memset   0x0800957c       0x10 /home/bob/st/stm32cubeide_1.18.1/plugins/com.st.stm32cube.ide.mcu.externaltools.gnu-tools-for-stm32.13.3.rel1.linux64_1.0.0.202410170706/tools/bin/../lib/gcc/arm-none-eabi/13.3.1/../../../../arm-none-eabi/lib/thumb/v7e-m+fp/hard/libc_nano.a(libc_a-memset.o)
                0x0800957c                memset
 .text.__libc_init_array
                0x0800958c       0x48 /home/bob/st/stm32cubeide_1.18.1/plugins/com.st.stm32cube.ide.mcu.externaltools.gnu-tools-for-stm32.13.3.rel1.linux64_1.0.0.202410170706/tools/bin/../lib/gcc/arm-none-eabi/13.3.1/../../../../arm-none-eabi/lib/thumb/v7e-m+fp/hard/libc_nano.a(libc_a-init.o)
                0x0800958c                __libc_init_array
 .text.memcpy   0x080095d4       0x1c /home/bob/st/stm32cubeide_1.18.1/plugins/com.st.stm32cube.ide.mcu.externaltools.gnu-tools-for-stm32.13.3.rel1.linux64_1.0.0.202410170706/tools/bin/../lib/gcc/arm-none-eabi/13.3.1/../../../../arm-none-eabi/lib/thumb/v7e-m+fp/hard/libc_nano.a(libc_a-memcpy-stub.o)
                0x080095d4                memcpy
 *(.glue_7)
 .glue_7        0x080095f0        0x0 linker stubs
 *(.glue_7t)
 .glue_7t       0x080095f0        0x0 linker stubs
 *(.eh_frame)
 .eh_frame      0x080095f0        0x0 /home/bob/st/stm32cubeide_1.18.1/plugins/com.st.stm32cube.ide.mcu.externaltools.gnu-tools-for-stm32.13.3.rel1.linux64_1.0.0.202410170706/tools/bin/../lib/gcc/arm-none-eabi/13.3.1/thumb/v7e-m+fp/hard/crtbegin.o
 *(.init)
 .init          0x080095f0        0x4 /home/bob/st/stm32cubeide_1.18.1/plugins/com.st.stm32cube.ide.mcu.externaltools.gnu-tools-for-stm32.13.3.rel1.linux64_1.0.0.202410170706/tools/bin/../lib/gcc/arm-none-eabi/13.3.1/thumb/v7e-m+fp/hard/crti.o
                0x080095f0                _init
 .init          0x080095f4        0x8 /home/bob/st/stm32cubeide_1.18.1/plugins/com.st.stm32cube.ide.mcu.externaltools.gnu-tools-for-stm32.13.3.rel1.linux64_1.0.0.202410170706/tools/bin/../lib/gcc/arm-none-eabi/13.3.1/thumb/v7e-m+fp/hard/crtn.o
 *(.fini)
 .fini          0x080095fc        0x4 /home/bob/st/stm32cubeide_1.18.1/plugins/com.st.stm32cube.ide.mcu.externaltools.gnu-tools-for-stm32.13.3.rel1.linux64_1.0.0.202410170706/tools/bin/../lib/gcc/arm-none-eabi/13.3.1/thumb/v7e-m+fp/hard/crti.o
                0x080095fc                _fini
 .fini          0x08009600        0x8 /home/bob/st/stm32cubeide_1.18.1/plugins/com.st.stm32cube.ide.mcu.externaltools.gnu-tools-for-stm32.13.3.rel1.linux64_1.0.0.202410170706/tools/bin/../lib/gcc/arm-none-eabi/13.3.1/thumb/v7e-m+fp/hard/crtn.o
                0x08009608                        . = ALIGN (0x4)
                0x08009608                        _etext = .

.vfp11_veneer   0x08009608        0x0
 .vfp11_veneer  0x08009608        0x0 linker stubs

.v4_bx          0x08009608        0x0
 .v4_bx         0x08009608        0x0 linker stubs

.iplt           0x08009608        0x0
 .iplt          0x08009608        0x0 /home/bob/st/stm32cubeide_1.18.1/plugins/com.st.stm32cube.ide.mcu.externaltools.gnu-tools-for-stm32.13.3.rel1.linux64_1.0.0.202410170706/tools/bin/../lib/gcc/arm-none-eabi/13.3.1/thumb/v7e-m+fp/hard/crtbegin.o

.rodata         0x08009608       0x60
                0x08009608                        . = ALIGN (0x4)
 *(.rodata)
 .rodata        0x08009608       0x46 ./USB_DEVICE/App/usbd_desc.o
 *(.rodata*)
 *fill*         0x0800964e        0x2 
 .rodata.AHBPrescTable
                0x08009650       0x10 ./Core/Src/system_stm32f4xx.o
                0x08009650                AHBPrescTable
 .rodata.flagBitshiftOffset.0
                0x08009660        0x8 ./Drivers/STM32F4xx_HAL_Driver/Src/stm32f4xx_hal_dma.o
                0x08009668                        . = ALIGN (0x4)

.ARM.extab      0x08009668        0x0
                0x08009668                        . = ALIGN (0x4)
 *(.ARM.extab* .gnu.linkonce.armextab.*)
                0x08009668                        . = ALIGN (0x4)

.ARM            0x08009668        0x8
                0x08009668                        . = ALIGN (0x4)
                0x08009668                        __exidx_start = .
 *(.ARM.exidx*)
 .ARM.exidx     0x08009668        0x8 /home/bob/st/stm32cubeide_1.18.1/plugins/com.st.stm32cube.ide.mcu.externaltools.gnu-tools-for-stm32.13.3.rel1.linux64_1.0.0.202410170706/tools/bin/../lib/gcc/arm-none-eabi/13.3.1/thumb/v7e-m+fp/hard/libgcc.a(_udivmoddi4.o)
                0x08009670                        __exidx_end = .
                0x08009670                        . = ALIGN (0x4)

.preinit_array  0x08009670        0x0
                0x08009670                        . = ALIGN (0x4)
                0x08009670                        PROVIDE (__preinit_array_start = .)
 *(.preinit_array*)
                0x08009670                        PROVIDE (__preinit_array_end = .)
                0x08009670                        . = ALIGN (0x4)

.init_array     0x08009670        0x4
                0x08009670                        . = ALIGN (0x4)
                0x08009670                        PROVIDE (__init_array_start = .)
 *(SORT_BY_NAME(.init_array.*))
 *(.init_array*)
 .init_array    0x08009670        0x4 /home/bob/st/stm32cubeide_1.18.1/plugins/com.st.stm32cube.ide.mcu.externaltools.gnu-tools-for-stm32.13.3.rel1.linux64_1.0.0.202410170706/tools/bin/../lib/gcc/arm-none-eabi/13.3.1/thumb/v7e-m+fp/hard/crtbegin.o
                0x08009674                        PROVIDE (__init_array_end = .)
                0x08009674                        . = ALIGN (0x4)

.fini_array     0x08009674        0x4
                0x08009674                        . = ALIGN (0x4)
                [!provide]                        PROVIDE (__fini_array_start = .)
 *(SORT_BY_NAME(.fini_array.*))
 *(.fini_array*)
 .fini_array    0x08009674        0x4 /home/bob/st/stm32cubeide_1.18.1/plugins/com.st.stm32cube.ide.mcu.externaltools.gnu-tools-for-stm32.13.3.rel1.linux64_1.0.0.202410170706/tools/bin/../lib/gcc/arm-none-eabi/13.3.1/thumb/v7e-m+fp/hard/crtbegin.o
                [!provide]                        PROVIDE (__fini_array_end = .)
                0x08009678                        . = ALIGN (0x4)
                0x08009678                        _sidata = LOADADDR (.data)

.rel.dyn        0x08009678        0x0
 .rel.iplt      0x08009678        0x0 /home/bob/st/stm32cubeide_1.18.1/plugins/com.st.stm32cube.ide.mcu.externaltools.gnu-tools-for-stm32.13.3.rel1.linux64_1.0.0.202410170706/tools/bin/../lib/gcc/arm-none-eabi/13.3.1/thumb/v7e-m+fp/hard/crtbegin.o

.data           0x20000000      0x104 load address 0x08009678
                0x20000000                        . = ALIGN (0x4)
                0x20000000                        _sdata = .
 *(.data)
 *(.data*)
 .data.SystemCoreClock
                0x20000000        0x4 ./Core/Src/system_stm32f4xx.o
                0x20000000                SystemCoreClock
 .data.uwTickPrio
                0x20000004        0x4 ./Drivers/STM32F4xx_HAL_Driver/Src/stm32f4xx_hal.o
                0x20000004                uwTickPrio
 .data.uwTickFreq
                0x20000008        0x1 ./Drivers/STM32F4xx_HAL_Driver/Src/stm32f4xx_hal.o
                0x20000008                uwTickFreq
 *fill*         0x20000009        0x3 
 .data.USBD_CDC_DeviceQualifierDesc
                0x2000000c        0xa ./Middlewares/ST/STM32_USB_Device_Library/Class/CDC/Src/usbd_cdc.o
 *fill*         0x20000016        0x2 
 .data.USBD_CDC
                0x20000018       0x38 ./Middlewares/ST/STM32_USB_Device_Library/Class/CDC/Src/usbd_cdc.o
                0x20000018                USBD_CDC
 .data.USBD_CDC_CfgDesc
                0x20000050       0x43 ./Middlewares/ST/STM32_USB_Device_Library/Class/CDC/Src/usbd_cdc.o
 .data.CDCInEpAdd
                0x20000093        0x1 ./Middlewares/ST/STM32_USB_Device_Library/Class/CDC/Src/usbd_cdc.o
 .data.CDCOutEpAdd
                0x20000094        0x1 ./Middlewares/ST/STM32_USB_Device_Library/Class/CDC/Src/usbd_cdc.o
 .data.CDCCmdEpAdd
                0x20000095        0x1 ./Middlewares/ST/STM32_USB_Device_Library/Class/CDC/Src/usbd_cdc.o
 *fill*         0x20000096        0x2 
 .data.LineCoding
                0x20000098        0x8 ./USB_DEVICE/App/usbd_cdc_if.o
                0x20000098                LineCoding
 .data.USBD_Interface_fops_FS
                0x200000a0       0x14 ./USB_DEVICE/App/usbd_cdc_if.o
                0x200000a0                USBD_Interface_fops_FS
 .data.FS_Desc  0x200000b4       0x1c ./USB_DEVICE/App/usbd_desc.o
                0x200000b4                FS_Desc
 .data.USBD_FS_DeviceDesc
                0x200000d0       0x12 ./USB_DEVICE/App/usbd_desc.o
                0x200000d0                USBD_FS_DeviceDesc
 *fill*         0x200000e2        0x2 
 .data.USBD_LangIDDesc
                0x200000e4        0x4 ./USB_DEVICE/App/usbd_desc.o
                0x200000e4                USBD_LangIDDesc
 .data.USBD_StringSerial
                0x200000e8       0x1a ./USB_DEVICE/App/usbd_desc.o
                0x200000e8                USBD_StringSerial
 *(.RamFunc)
 *(.RamFunc*)
                0x20000104                        . = ALIGN (0x4)
 *fill*         0x20000102        0x2 
                0x20000104                        _edata = .

.igot.plt       0x20000104        0x0 load address 0x0800977c
 .igot.plt      0x20000104        0x0 /home/bob/st/stm32cubeide_1.18.1/plugins/com.st.stm32cube.ide.mcu.externaltools.gnu-tools-for-stm32.13.3.rel1.linux64_1.0.0.202410170706/tools/bin/../lib/gcc/arm-none-eabi/13.3.1/thumb/v7e-m+fp/hard/crtbegin.o
                0x20000104                        . = ALIGN (0x4)

.bss            0x20000104     0x5ca0 load address 0x0800977c
                0x20000104                        _sbss = .
                0x20000104                        __bss_start__ = _sbss
 *(.bss)
 .bss           0x20000104       0x1c /home/bob/st/stm32cubeide_1.18.1/plugins/com.st.stm32cube.ide.mcu.externaltools.gnu-tools-for-stm32.13.3.rel1.linux64_1.0.0.202410170706/tools/bin/../lib/gcc/arm-none-eabi/13.3.1/thumb/v7e-m+fp/hard/crtbegin.o
 *(.bss*)
 .bss.hadc1     0x20000120       0x48 ./Core/Src/main.o
                0x20000120                hadc1
 .bss.hdma_adc1
                0x20000168       0x60 ./Core/Src/main.o
                0x20000168                hdma_adc1
 .bss.htim1     0x200001c8       0x48 ./Core/Src/main.o
                0x200001c8                htim1
 .bss.htim2     0x20000210       0x48 ./Core/Src/main.o
                0x20000210                htim2
 .bss.htim3     0x20000258       0x48 ./Core/Src/main.o
                0x20000258                htim3
 .bss.htim4     0x200002a0       0x48 ./Core/Src/main.o
                0x200002a0                htim4
 .bss.htim5     0x200002e8       0x48 ./Core/Src/main.o
                0x200002e8                htim5
 .bss.DMA_buffer
                0x20000330     0x1f40 ./Core/Src/main.o
                0x20000330                DMA_buffer
 .bss.marked_buffer
                0x20002270     0x1f48 ./Core/Src/main.o
                0x20002270                marked_buffer
 .bss.counter   0x200041b8        0x4 ./Core/Src/main.o
                0x200041b8                counter
 .bss.uwTick    0x200041bc        0x4 ./Drivers/STM32F4xx_HAL_Driver/Src/stm32f4xx_hal.o
                0x200041bc                uwTick
 .bss.cfgidx.0  0x200041c0        0x1 ./Middlewares/ST/STM32_USB_Device_Library/Core/Src/usbd_ctlreq.o
 *fill*         0x200041c1        0x3 
 .bss.hUsbDeviceFS
                0x200041c4      0x2dc ./USB_DEVICE/App/usb_device.o
                0x200041c4                hUsbDeviceFS
 .bss.UserRxBufferFS
                0x200044a0      0x800 ./USB_DEVICE/App/usbd_cdc_if.o
                0x200044a0                UserRxBufferFS
 .bss.UserTxBufferFS
                0x20004ca0      0x800 ./USB_DEVICE/App/usbd_cdc_if.o
                0x20004ca0                UserTxBufferFS
 .bss.USBD_StrDesc
                0x200054a0      0x200 ./USB_DEVICE/App/usbd_desc.o
                0x200054a0                USBD_StrDesc
 .bss.hpcd_USB_OTG_FS
                0x200056a0      0x4e4 ./USB_DEVICE/Target/usbd_conf.o
                0x200056a0                hpcd_USB_OTG_FS
 .bss.mem.0     0x20005b84      0x220 ./USB_DEVICE/Target/usbd_conf.o
 *(COMMON)
                0x20005da4                        . = ALIGN (0x4)
                0x20005da4                        _ebss = .
                0x20005da4                        __bss_end__ = _ebss

._user_heap_stack
                0x20005da4      0x604 load address 0x0800977c
                0x20005da8                        . = ALIGN (0x8)
 *fill*         0x20005da4        0x4 
                [!provide]                        PROVIDE (end = .)
                0x20005da8                        PROVIDE (_end = .)
                0x20005fa8                        . = (. + _Min_Heap_Size)
 *fill*         0x20005da8      0x200 
                0x200063a8                        . = (. + _Min_Stack_Size)
 *fill*         0x20005fa8      0x400 
                0x200063a8                        . = ALIGN (0x8)

/DISCARD/
 libc.a(*)
 libm.a(*)
 libgcc.a(*)

.ARM.attributes
                0x00000000       0x30
 *(.ARM.attributes)
 .ARM.attributes
                0x00000000       0x22 /home/bob/st/stm32cubeide_1.18.1/plugins/com.st.stm32cube.ide.mcu.externaltools.gnu-tools-for-stm32.13.3.rel1.linux64_1.0.0.202410170706/tools/bin/../lib/gcc/arm-none-eabi/13.3.1/thumb/v7e-m+fp/hard/crti.o
 .ARM.attributes
                0x00000022       0x34 /home/bob/st/stm32cubeide_1.18.1/plugins/com.st.stm32cube.ide.mcu.externaltools.gnu-tools-for-stm32.13.3.rel1.linux64_1.0.0.202410170706/tools/bin/../lib/gcc/arm-none-eabi/13.3.1/thumb/v7e-m+fp/hard/crtbegin.o
 .ARM.attributes
                0x00000056       0x34 ./Core/Src/main.o
 .ARM.attributes
                0x0000008a       0x34 ./Core/Src/stm32f4xx_hal_msp.o
 .ARM.attributes
                0x000000be       0x34 ./Core/Src/stm32f4xx_it.o
 .ARM.attributes
                0x000000f2       0x34 ./Core/Src/system_stm32f4xx.o
 .ARM.attributes
                0x00000126       0x21 ./Core/Startup/startup_stm32f411ceux.o
 .ARM.attributes
                0x00000147       0x34 ./Drivers/STM32F4xx_HAL_Driver/Src/stm32f4xx_hal.o
 .ARM.attributes
                0x0000017b       0x34 ./Drivers/STM32F4xx_HAL_Driver/Src/stm32f4xx_hal_adc.o
 .ARM.attributes
                0x000001af       0x34 ./Drivers/STM32F4xx_HAL_Driver/Src/stm32f4xx_hal_adc_ex.o
 .ARM.attributes
                0x000001e3       0x34 ./Drivers/STM32F4xx_HAL_Driver/Src/stm32f4xx_hal_cortex.o
 .ARM.attributes
                0x00000217       0x34 ./Drivers/STM32F4xx_HAL_Driver/Src/stm32f4xx_hal_dma.o
 .ARM.attributes
                0x0000024b       0x34 ./Drivers/STM32F4xx_HAL_Driver/Src/stm32f4xx_hal_gpio.o
 .ARM.attributes
                0x0000027f       0x34 ./Drivers/STM32F4xx_HAL_Driver/Src/stm32f4xx_hal_pcd.o
 .ARM.attributes
                0x000002b3       0x34 ./Drivers/STM32F4xx_HAL_Driver/Src/stm32f4xx_hal_pcd_ex.o
 .ARM.attributes
                0x000002e7       0x34 ./Drivers/STM32F4xx_HAL_Driver/Src/stm32f4xx_hal_rcc.o
 .ARM.attributes
                0x0000031b       0x34 ./Drivers/STM32F4xx_HAL_Driver/Src/stm32f4xx_hal_tim.o
 .ARM.attributes
                0x0000034f       0x34 ./Drivers/STM32F4xx_HAL_Driver/Src/stm32f4xx_hal_tim_ex.o
 .ARM.attributes
                0x00000383       0x34 ./Drivers/STM32F4xx_HAL_Driver/Src/stm32f4xx_ll_usb.o
 .ARM.attributes
                0x000003b7       0x34 ./Middlewares/ST/STM32_USB_Device_Library/Class/CDC/Src/usbd_cdc.o
 .ARM.attributes
                0x000003eb       0x34 ./Middlewares/ST/STM32_USB_Device_Library/Core/Src/usbd_core.o
 .ARM.attributes
                0x0000041f       0x34 ./Middlewares/ST/STM32_USB_Device_Library/Core/Src/usbd_ctlreq.o
 .ARM.attributes
                0x00000453       0x34 ./Middlewares/ST/STM32_USB_Device_Library/Core/Src/usbd_ioreq.o
 .ARM.attributes
                0x00000487       0x34 ./USB_DEVICE/App/usb_device.o
 .ARM.attributes
                0x000004bb       0x34 ./USB_DEVICE/App/usbd_cdc_if.o
 .ARM.attributes
                0x000004ef       0x34 ./USB_DEVICE/App/usbd_desc.o
 .ARM.attributes
                0x00000523       0x34 ./USB_DEVICE/Target/usbd_conf.o
 .ARM.attributes
                0x00000557       0x34 /home/bob/st/stm32cubeide_1.18.1/plugins/com.st.stm32cube.ide.mcu.externaltools.gnu-tools-for-stm32.13.3.rel1.linux64_1.0.0.202410170706/tools/bin/../lib/gcc/arm-none-eabi/13.3.1/../../../../arm-none-eabi/lib/thumb/v7e-m+fp/hard/libc_nano.a(libc_a-memset.o)
 .ARM.attributes
                0x0000058b       0x34 /home/bob/st/stm32cubeide_1.18.1/plugins/com.st.stm32cube.ide.mcu.externaltools.gnu-tools-for-stm32.13.3.rel1.linux64_1.0.0.202410170706/tools/bin/../lib/gcc/arm-none-eabi/13.3.1/../../../../arm-none-eabi/lib/thumb/v7e-m+fp/hard/libc_nano.a(libc_a-init.o)
 .ARM.attributes
                0x000005bf       0x34 /home/bob/st/stm32cubeide_1.18.1/plugins/com.st.stm32cube.ide.mcu.externaltools.gnu-tools-for-stm32.13.3.rel1.linux64_1.0.0.202410170706/tools/bin/../lib/gcc/arm-none-eabi/13.3.1/../../../../arm-none-eabi/lib/thumb/v7e-m+fp/hard/libc_nano.a(libc_a-memcpy-stub.o)
 .ARM.attributes
                0x000005f3       0x22 /home/bob/st/stm32cubeide_1.18.1/plugins/com.st.stm32cube.ide.mcu.externaltools.gnu-tools-for-stm32.13.3.rel1.linux64_1.0.0.202410170706/tools/bin/../lib/gcc/arm-none-eabi/13.3.1/thumb/v7e-m+fp/hard/libgcc.a(_aeabi_uldivmod.o)
 .ARM.attributes
                0x00000615       0x34 /home/bob/st/stm32cubeide_1.18.1/plugins/com.st.stm32cube.ide.mcu.externaltools.gnu-tools-for-stm32.13.3.rel1.linux64_1.0.0.202410170706/tools/bin/../lib/gcc/arm-none-eabi/13.3.1/thumb/v7e-m+fp/hard/libgcc.a(_udivmoddi4.o)
 .ARM.attributes
                0x00000649       0x22 /home/bob/st/stm32cubeide_1.18.1/plugins/com.st.stm32cube.ide.mcu.externaltools.gnu-tools-for-stm32.13.3.rel1.linux64_1.0.0.202410170706/tools/bin/../lib/gcc/arm-none-eabi/13.3.1/thumb/v7e-m+fp/hard/libgcc.a(_dvmd_tls.o)
 .ARM.attributes
                0x0000066b       0x22 /home/bob/st/stm32cubeide_1.18.1/plugins/com.st.stm32cube.ide.mcu.externaltools.gnu-tools-for-stm32.13.3.rel1.linux64_1.0.0.202410170706/tools/bin/../lib/gcc/arm-none-eabi/13.3.1/thumb/v7e-m+fp/hard/crtn.o
OUTPUT(blackpill.elf elf32-littlearm)
LOAD linker stubs
LOAD /home/bob/st/stm32cubeide_1.18.1/plugins/com.st.stm32cube.ide.mcu.externaltools.gnu-tools-for-stm32.13.3.rel1.linux64_1.0.0.202410170706/tools/bin/../lib/gcc/arm-none-eabi/13.3.1/../../../../arm-none-eabi/lib/thumb/v7e-m+fp/hard/libc.a
LOAD /home/bob/st/stm32cubeide_1.18.1/plugins/com.st.stm32cube.ide.mcu.externaltools.gnu-tools-for-stm32.13.3.rel1.linux64_1.0.0.202410170706/tools/bin/../lib/gcc/arm-none-eabi/13.3.1/../../../../arm-none-eabi/lib/thumb/v7e-m+fp/hard/libm.a
LOAD /home/bob/st/stm32cubeide_1.18.1/plugins/com.st.stm32cube.ide.mcu.externaltools.gnu-tools-for-stm32.13.3.rel1.linux64_1.0.0.202410170706/tools/bin/../lib/gcc/arm-none-eabi/13.3.1/thumb/v7e-m+fp/hard/libgcc.a

.debug_info     0x00000000    0x155d3
 .debug_info    0x00000000     0x1553 ./Core/Src/main.o
 .debug_info    0x00001553     0x10b5 ./Core/Src/stm32f4xx_hal_msp.o
 .debug_info    0x00002608      0xb2a ./Core/Src/stm32f4xx_it.o
 .debug_info    0x00003132      0x53e ./Core/Src/system_stm32f4xx.o
 .debug_info    0x00003670       0x30 ./Core/Startup/startup_stm32f411ceux.o
 .debug_info    0x000036a0      0x8c4 ./Drivers/STM32F4xx_HAL_Driver/Src/stm32f4xx_hal.o
 .debug_info    0x00003f64      0xce0 ./Drivers/STM32F4xx_HAL_Driver/Src/stm32f4xx_hal_adc.o
 .debug_info    0x00004c44      0xb65 ./Drivers/STM32F4xx_HAL_Driver/Src/stm32f4xx_hal_adc_ex.o
 .debug_info    0x000057a9      0xcfc ./Drivers/STM32F4xx_HAL_Driver/Src/stm32f4xx_hal_cortex.o
 .debug_info    0x000064a5      0x8e6 ./Drivers/STM32F4xx_HAL_Driver/Src/stm32f4xx_hal_dma.o
 .debug_info    0x00006d8b      0x6f9 ./Drivers/STM32F4xx_HAL_Driver/Src/stm32f4xx_hal_gpio.o
 .debug_info    0x00007484     0x1577 ./Drivers/STM32F4xx_HAL_Driver/Src/stm32f4xx_hal_pcd.o
 .debug_info    0x000089fb      0x6ea ./Drivers/STM32F4xx_HAL_Driver/Src/stm32f4xx_hal_pcd_ex.o
 .debug_info    0x000090e5      0x904 ./Drivers/STM32F4xx_HAL_Driver/Src/stm32f4xx_hal_rcc.o
 .debug_info    0x000099e9     0x2996 ./Drivers/STM32F4xx_HAL_Driver/Src/stm32f4xx_hal_tim.o
 .debug_info    0x0000c37f     0x14d4 ./Drivers/STM32F4xx_HAL_Driver/Src/stm32f4xx_hal_tim_ex.o
 .debug_info    0x0000d853     0x1993 ./Drivers/STM32F4xx_HAL_Driver/Src/stm32f4xx_ll_usb.o
 .debug_info    0x0000f1e6     0x12b1 ./Middlewares/ST/STM32_USB_Device_Library/Class/CDC/Src/usbd_cdc.o
 .debug_info    0x00010497      0xe12 ./Middlewares/ST/STM32_USB_Device_Library/Core/Src/usbd_core.o
 .debug_info    0x000112a9      0xaeb ./Middlewares/ST/STM32_USB_Device_Library/Core/Src/usbd_ctlreq.o
 .debug_info    0x00011d94      0x762 ./Middlewares/ST/STM32_USB_Device_Library/Core/Src/usbd_ioreq.o
 .debug_info    0x000124f6      0x70e ./USB_DEVICE/App/usb_device.o
 .debug_info    0x00012c04      0x964 ./USB_DEVICE/App/usbd_cdc_if.o
 .debug_info    0x00013568      0x458 ./USB_DEVICE/App/usbd_desc.o
 .debug_info    0x000139c0     0x1c13 ./USB_DEVICE/Target/usbd_conf.o

.debug_abbrev   0x00000000     0x37df
 .debug_abbrev  0x00000000      0x307 ./Core/Src/main.o
 .debug_abbrev  0x00000307      0x274 ./Core/Src/stm32f4xx_hal_msp.o
 .debug_abbrev  0x0000057b      0x1bf ./Core/Src/stm32f4xx_it.o
 .debug_abbrev  0x0000073a      0x11a ./Core/Src/system_stm32f4xx.o
 .debug_abbrev  0x00000854       0x24 ./Core/Startup/startup_stm32f411ceux.o
 .debug_abbrev  0x00000878      0x24b ./Drivers/STM32F4xx_HAL_Driver/Src/stm32f4xx_hal.o
 .debug_abbrev  0x00000ac3      0x20e ./Drivers/STM32F4xx_HAL_Driver/Src/stm32f4xx_hal_adc.o
 .debug_abbrev  0x00000cd1      0x22c ./Drivers/STM32F4xx_HAL_Driver/Src/stm32f4xx_hal_adc_ex.o
 .debug_abbrev  0x00000efd      0x31d ./Drivers/STM32F4xx_HAL_Driver/Src/stm32f4xx_hal_cortex.o
 .debug_abbrev  0x0000121a      0x221 ./Drivers/STM32F4xx_HAL_Driver/Src/stm32f4xx_hal_dma.o
 .debug_abbrev  0x0000143b      0x1d3 ./Drivers/STM32F4xx_HAL_Driver/Src/stm32f4xx_hal_gpio.o
 .debug_abbrev  0x0000160e      0x2b6 ./Drivers/STM32F4xx_HAL_Driver/Src/stm32f4xx_hal_pcd.o
 .debug_abbrev  0x000018c4      0x1da ./Drivers/STM32F4xx_HAL_Driver/Src/stm32f4xx_hal_pcd_ex.o
 .debug_abbrev  0x00001a9e      0x2b6 ./Drivers/STM32F4xx_HAL_Driver/Src/stm32f4xx_hal_rcc.o
 .debug_abbrev  0x00001d54      0x28b ./Drivers/STM32F4xx_HAL_Driver/Src/stm32f4xx_hal_tim.o
 .debug_abbrev  0x00001fdf      0x296 ./Drivers/STM32F4xx_HAL_Driver/Src/stm32f4xx_hal_tim_ex.o
 .debug_abbrev  0x00002275      0x2b3 ./Drivers/STM32F4xx_HAL_Driver/Src/stm32f4xx_ll_usb.o
 .debug_abbrev  0x00002528      0x2d2 ./Middlewares/ST/STM32_USB_Device_Library/Class/CDC/Src/usbd_cdc.o
 .debug_abbrev  0x000027fa      0x27c ./Middlewares/ST/STM32_USB_Device_Library/Core/Src/usbd_core.o
 .debug_abbrev  0x00002a76      0x26f ./Middlewares/ST/STM32_USB_Device_Library/Core/Src/usbd_ctlreq.o
 .debug_abbrev  0x00002ce5      0x19a ./Middlewares/ST/STM32_USB_Device_Library/Core/Src/usbd_ioreq.o
 .debug_abbrev  0x00002e7f      0x195 ./USB_DEVICE/App/usb_device.o
 .debug_abbrev  0x00003014      0x2ab ./USB_DEVICE/App/usbd_cdc_if.o
 .debug_abbrev  0x000032bf      0x1e1 ./USB_DEVICE/App/usbd_desc.o
 .debug_abbrev  0x000034a0      0x33f ./USB_DEVICE/Target/usbd_conf.o

.debug_aranges  0x00000000     0x1318
 .debug_aranges
                0x00000000       0x78 ./Core/Src/main.o
 .debug_aranges
                0x00000078       0x58 ./Core/Src/stm32f4xx_hal_msp.o
 .debug_aranges
                0x000000d0       0x78 ./Core/Src/stm32f4xx_it.o
 .debug_aranges
                0x00000148       0x28 ./Core/Src/system_stm32f4xx.o
 .debug_aranges
                0x00000170       0x28 ./Core/Startup/startup_stm32f411ceux.o
 .debug_aranges
                0x00000198       0xf0 ./Drivers/STM32F4xx_HAL_Driver/Src/stm32f4xx_hal.o
 .debug_aranges
                0x00000288       0xe8 ./Drivers/STM32F4xx_HAL_Driver/Src/stm32f4xx_hal_adc.o
 .debug_aranges
                0x00000370       0x90 ./Drivers/STM32F4xx_HAL_Driver/Src/stm32f4xx_hal_adc_ex.o
 .debug_aranges
                0x00000400      0x130 ./Drivers/STM32F4xx_HAL_Driver/Src/stm32f4xx_hal_cortex.o
 .debug_aranges
                0x00000530       0x90 ./Drivers/STM32F4xx_HAL_Driver/Src/stm32f4xx_hal_dma.o
 .debug_aranges
                0x000005c0       0x58 ./Drivers/STM32F4xx_HAL_Driver/Src/stm32f4xx_hal_gpio.o
 .debug_aranges
                0x00000618      0x148 ./Drivers/STM32F4xx_HAL_Driver/Src/stm32f4xx_hal_pcd.o
 .debug_aranges
                0x00000760       0x38 ./Drivers/STM32F4xx_HAL_Driver/Src/stm32f4xx_hal_pcd_ex.o
 .debug_aranges
                0x00000798       0x88 ./Drivers/STM32F4xx_HAL_Driver/Src/stm32f4xx_hal_rcc.o
 .debug_aranges
                0x00000820      0x3d0 ./Drivers/STM32F4xx_HAL_Driver/Src/stm32f4xx_hal_tim.o
 .debug_aranges
                0x00000bf0      0x168 ./Drivers/STM32F4xx_HAL_Driver/Src/stm32f4xx_hal_tim_ex.o
 .debug_aranges
                0x00000d58      0x1a0 ./Drivers/STM32F4xx_HAL_Driver/Src/stm32f4xx_ll_usb.o
 .debug_aranges
                0x00000ef8       0x90 ./Middlewares/ST/STM32_USB_Device_Library/Class/CDC/Src/usbd_cdc.o
 .debug_aranges
                0x00000f88       0xd8 ./Middlewares/ST/STM32_USB_Device_Library/Core/Src/usbd_core.o
 .debug_aranges
                0x00001060       0x90 ./Middlewares/ST/STM32_USB_Device_Library/Core/Src/usbd_ctlreq.o
 .debug_aranges
                0x000010f0       0x50 ./Middlewares/ST/STM32_USB_Device_Library/Core/Src/usbd_ioreq.o
 .debug_aranges
                0x00001140       0x20 ./USB_DEVICE/App/usb_device.o
 .debug_aranges
                0x00001160       0x48 ./USB_DEVICE/App/usbd_cdc_if.o
 .debug_aranges
                0x000011a8       0x60 ./USB_DEVICE/App/usbd_desc.o
 .debug_aranges
                0x00001208      0x110 ./USB_DEVICE/Target/usbd_conf.o

.debug_rnglists
                0x00000000      0xe99
 .debug_rnglists
                0x00000000       0x5d ./Core/Src/main.o
 .debug_rnglists
                0x0000005d       0x41 ./Core/Src/stm32f4xx_hal_msp.o
 .debug_rnglists
                0x0000009e       0x55 ./Core/Src/stm32f4xx_it.o
 .debug_rnglists
                0x000000f3       0x1a ./Core/Src/system_stm32f4xx.o
 .debug_rnglists
                0x0000010d       0x19 ./Core/Startup/startup_stm32f411ceux.o
 .debug_rnglists
                0x00000126       0xaf ./Drivers/STM32F4xx_HAL_Driver/Src/stm32f4xx_hal.o
 .debug_rnglists
                0x000001d5       0xb5 ./Drivers/STM32F4xx_HAL_Driver/Src/stm32f4xx_hal_adc.o
 .debug_rnglists
                0x0000028a       0x71 ./Drivers/STM32F4xx_HAL_Driver/Src/stm32f4xx_hal_adc_ex.o
 .debug_rnglists
                0x000002fb       0xe0 ./Drivers/STM32F4xx_HAL_Driver/Src/stm32f4xx_hal_cortex.o
 .debug_rnglists
                0x000003db       0x70 ./Drivers/STM32F4xx_HAL_Driver/Src/stm32f4xx_hal_dma.o
 .debug_rnglists
                0x0000044b       0x3f ./Drivers/STM32F4xx_HAL_Driver/Src/stm32f4xx_hal_gpio.o
 .debug_rnglists
                0x0000048a       0xfa ./Drivers/STM32F4xx_HAL_Driver/Src/stm32f4xx_hal_pcd.o
 .debug_rnglists
                0x00000584       0x26 ./Drivers/STM32F4xx_HAL_Driver/Src/stm32f4xx_hal_pcd_ex.o
 .debug_rnglists
                0x000005aa       0x66 ./Drivers/STM32F4xx_HAL_Driver/Src/stm32f4xx_hal_rcc.o
 .debug_rnglists
                0x00000610      0x31a ./Drivers/STM32F4xx_HAL_Driver/Src/stm32f4xx_hal_tim.o
 .debug_rnglists
                0x0000092a      0x125 ./Drivers/STM32F4xx_HAL_Driver/Src/stm32f4xx_hal_tim_ex.o
 .debug_rnglists
                0x00000a4f      0x147 ./Drivers/STM32F4xx_HAL_Driver/Src/stm32f4xx_ll_usb.o
 .debug_rnglists
                0x00000b96       0x6c ./Middlewares/ST/STM32_USB_Device_Library/Class/CDC/Src/usbd_cdc.o
 .debug_rnglists
                0x00000c02       0xa1 ./Middlewares/ST/STM32_USB_Device_Library/Core/Src/usbd_core.o
 .debug_rnglists
                0x00000ca3       0x6e ./Middlewares/ST/STM32_USB_Device_Library/Core/Src/usbd_ctlreq.o
 .debug_rnglists
                0x00000d11       0x37 ./Middlewares/ST/STM32_USB_Device_Library/Core/Src/usbd_ioreq.o
 .debug_rnglists
                0x00000d48       0x13 ./USB_DEVICE/App/usb_device.o
 .debug_rnglists
                0x00000d5b       0x32 ./USB_DEVICE/App/usbd_cdc_if.o
 .debug_rnglists
                0x00000d8d       0x43 ./USB_DEVICE/App/usbd_desc.o
 .debug_rnglists
                0x00000dd0       0xc9 ./USB_DEVICE/Target/usbd_conf.o

.debug_macro    0x00000000    0x1a460
 .debug_macro   0x00000000      0x3ce ./Core/Src/main.o
 .debug_macro   0x000003ce      0xad8 ./Core/Src/main.o
 .debug_macro   0x00000ea6      0x2a1 ./Core/Src/main.o
 .debug_macro   0x00001147       0x2e ./Core/Src/main.o
 .debug_macro   0x00001175       0x28 ./Core/Src/main.o
 .debug_macro   0x0000119d       0x22 ./Core/Src/main.o
 .debug_macro   0x000011bf       0x8e ./Core/Src/main.o
 .debug_macro   0x0000124d       0x51 ./Core/Src/main.o
 .debug_macro   0x0000129e      0x103 ./Core/Src/main.o
 .debug_macro   0x000013a1       0x6a ./Core/Src/main.o
 .debug_macro   0x0000140b      0x1df ./Core/Src/main.o
 .debug_macro   0x000015ea       0x1c ./Core/Src/main.o
 .debug_macro   0x00001606       0x22 ./Core/Src/main.o
 .debug_macro   0x00001628       0xfb ./Core/Src/main.o
 .debug_macro   0x00001723     0x1011 ./Core/Src/main.o
 .debug_macro   0x00002734      0x11f ./Core/Src/main.o
 .debug_macro   0x00002853     0xb968 ./Core/Src/main.o
 .debug_macro   0x0000e1bb       0x6d ./Core/Src/main.o
 .debug_macro   0x0000e228     0x3693 ./Core/Src/main.o
 .debug_macro   0x000118bb      0x190 ./Core/Src/main.o
 .debug_macro   0x00011a4b       0x5c ./Core/Src/main.o
 .debug_macro   0x00011aa7      0x45c ./Core/Src/main.o
 .debug_macro   0x00011f03      0x9e9 ./Core/Src/main.o
 .debug_macro   0x000128ec      0x115 ./Core/Src/main.o
 .debug_macro   0x00012a01      0x11b ./Core/Src/main.o
 .debug_macro   0x00012b1c       0xa5 ./Core/Src/main.o
 .debug_macro   0x00012bc1      0x15f ./Core/Src/main.o
 .debug_macro   0x00012d20      0x287 ./Core/Src/main.o
 .debug_macro   0x00012fa7       0x5f ./Core/Src/main.o
 .debug_macro   0x00013006      0x236 ./Core/Src/main.o
 .debug_macro   0x0001323c      0x9e1 ./Core/Src/main.o
 .debug_macro   0x00013c1d      0x38b ./Core/Src/main.o
 .debug_macro   0x00013fa8      0x17d ./Core/Src/main.o
 .debug_macro   0x00014125       0xf9 ./Core/Src/main.o
 .debug_macro   0x0001421e      0x132 ./Core/Src/main.o
 .debug_macro   0x00014350      0x264 ./Core/Src/main.o
 .debug_macro   0x000145b4       0x2e ./Core/Src/main.o
 .debug_macro   0x000145e2      0x127 ./Core/Src/main.o
 .debug_macro   0x00014709       0x85 ./Core/Src/main.o
 .debug_macro   0x0001478e       0x89 ./Core/Src/main.o
 .debug_macro   0x00014817      0x8ed ./Core/Src/main.o
 .debug_macro   0x00015104       0x47 ./Core/Src/main.o
 .debug_macro   0x0001514b      0x293 ./Core/Src/main.o
 .debug_macro   0x000153de       0xba ./Core/Src/main.o
 .debug_macro   0x00015498      0x126 ./Core/Src/main.o
 .debug_macro   0x000155be       0x61 ./Core/Src/main.o
 .debug_macro   0x0001561f       0x2a ./Core/Src/main.o
 .debug_macro   0x00015649       0x43 ./Core/Src/main.o
 .debug_macro   0x0001568c       0x34 ./Core/Src/main.o
 .debug_macro   0x000156c0       0x16 ./Core/Src/main.o
 .debug_macro   0x000156d6       0x3c ./Core/Src/main.o
 .debug_macro   0x00015712      0x370 ./Core/Src/main.o
 .debug_macro   0x00015a82       0x10 ./Core/Src/main.o
 .debug_macro   0x00015a92       0x16 ./Core/Src/main.o
 .debug_macro   0x00015aa8       0x4a ./Core/Src/main.o
 .debug_macro   0x00015af2       0x34 ./Core/Src/main.o
 .debug_macro   0x00015b26       0x10 ./Core/Src/main.o
 .debug_macro   0x00015b36       0x58 ./Core/Src/main.o
 .debug_macro   0x00015b8e       0x8e ./Core/Src/main.o
 .debug_macro   0x00015c1c       0x1c ./Core/Src/main.o
 .debug_macro   0x00015c38      0x185 ./Core/Src/main.o
 .debug_macro   0x00015dbd       0x16 ./Core/Src/main.o
 .debug_macro   0x00015dd3       0x16 ./Core/Src/main.o
 .debug_macro   0x00015de9      0x146 ./Core/Src/main.o
 .debug_macro   0x00015f2f       0x16 ./Core/Src/main.o
 .debug_macro   0x00015f45       0x16 ./Core/Src/main.o
 .debug_macro   0x00015f5b       0x29 ./Core/Src/main.o
 .debug_macro   0x00015f84       0x16 ./Core/Src/main.o
 .debug_macro   0x00015f9a       0x20 ./Core/Src/main.o
 .debug_macro   0x00015fba       0x65 ./Core/Src/main.o
 .debug_macro   0x0001601f      0x20f ./Core/Src/main.o
 .debug_macro   0x0001622e       0x95 ./Core/Src/main.o
 .debug_macro   0x000162c3       0x10 ./Core/Src/main.o
 .debug_macro   0x000162d3      0x21a ./Core/Src/stm32f4xx_hal_msp.o
 .debug_macro   0x000164ed      0x224 ./Core/Src/stm32f4xx_it.o
 .debug_macro   0x00016711      0x210 ./Core/Src/system_stm32f4xx.o
 .debug_macro   0x00016921      0x270 ./Drivers/STM32F4xx_HAL_Driver/Src/stm32f4xx_hal.o
 .debug_macro   0x00016b91      0x211 ./Drivers/STM32F4xx_HAL_Driver/Src/stm32f4xx_hal_adc.o
 .debug_macro   0x00016da2      0x210 ./Drivers/STM32F4xx_HAL_Driver/Src/stm32f4xx_hal_adc_ex.o
 .debug_macro   0x00016fb2      0x210 ./Drivers/STM32F4xx_HAL_Driver/Src/stm32f4xx_hal_cortex.o
 .debug_macro   0x000171c2      0x216 ./Drivers/STM32F4xx_HAL_Driver/Src/stm32f4xx_hal_dma.o
 .debug_macro   0x000173d8      0x216 ./Drivers/STM32F4xx_HAL_Driver/Src/stm32f4xx_hal_gpio.o
 .debug_macro   0x000175ee      0x21c ./Drivers/STM32F4xx_HAL_Driver/Src/stm32f4xx_hal_pcd.o
 .debug_macro   0x0001780a      0x210 ./Drivers/STM32F4xx_HAL_Driver/Src/stm32f4xx_hal_pcd_ex.o
 .debug_macro   0x00017a1a      0x234 ./Drivers/STM32F4xx_HAL_Driver/Src/stm32f4xx_hal_rcc.o
 .debug_macro   0x00017c4e      0x211 ./Drivers/STM32F4xx_HAL_Driver/Src/stm32f4xx_hal_tim.o
 .debug_macro   0x00017e5f      0x210 ./Drivers/STM32F4xx_HAL_Driver/Src/stm32f4xx_hal_tim_ex.o
 .debug_macro   0x0001806f      0x210 ./Drivers/STM32F4xx_HAL_Driver/Src/stm32f4xx_ll_usb.o
 .debug_macro   0x0001827f      0x3a9 ./Middlewares/ST/STM32_USB_Device_Library/Class/CDC/Src/usbd_cdc.o
 .debug_macro   0x00018628       0x9e ./Middlewares/ST/STM32_USB_Device_Library/Class/CDC/Src/usbd_cdc.o
 .debug_macro   0x000186c6      0x112 ./Middlewares/ST/STM32_USB_Device_Library/Class/CDC/Src/usbd_cdc.o
 .debug_macro   0x000187d8       0x56 ./Middlewares/ST/STM32_USB_Device_Library/Class/CDC/Src/usbd_cdc.o
 .debug_macro   0x0001882e      0x390 ./Middlewares/ST/STM32_USB_Device_Library/Core/Src/usbd_core.o
 .debug_macro   0x00018bbe      0x215 ./Middlewares/ST/STM32_USB_Device_Library/Core/Src/usbd_core.o
 .debug_macro   0x00018dd3      0x39a ./Middlewares/ST/STM32_USB_Device_Library/Core/Src/usbd_ctlreq.o
 .debug_macro   0x0001916d      0x396 ./Middlewares/ST/STM32_USB_Device_Library/Core/Src/usbd_ioreq.o
 .debug_macro   0x00019503      0x3cf ./USB_DEVICE/App/usb_device.o
 .debug_macro   0x000198d2       0x22 ./USB_DEVICE/App/usb_device.o
 .debug_macro   0x000198f4       0x16 ./USB_DEVICE/App/usb_device.o
 .debug_macro   0x0001990a      0x3b4 ./USB_DEVICE/App/usbd_cdc_if.o
 .debug_macro   0x00019cbe      0x3d3 ./USB_DEVICE/App/usbd_desc.o
 .debug_macro   0x0001a091       0x1c ./USB_DEVICE/App/usbd_desc.o
 .debug_macro   0x0001a0ad      0x3b3 ./USB_DEVICE/Target/usbd_conf.o

.debug_line     0x00000000    0x17319
 .debug_line    0x00000000      0xdda ./Core/Src/main.o
 .debug_line    0x00000dda      0x90d ./Core/Src/stm32f4xx_hal_msp.o
 .debug_line    0x000016e7      0x80c ./Core/Src/stm32f4xx_it.o
 .debug_line    0x00001ef3      0x78b ./Core/Src/system_stm32f4xx.o
 .debug_line    0x0000267e       0x7a ./Core/Startup/startup_stm32f411ceux.o
 .debug_line    0x000026f8      0xa07 ./Drivers/STM32F4xx_HAL_Driver/Src/stm32f4xx_hal.o
 .debug_line    0x000030ff     0x115e ./Drivers/STM32F4xx_HAL_Driver/Src/stm32f4xx_hal_adc.o
 .debug_line    0x0000425d      0xe52 ./Drivers/STM32F4xx_HAL_Driver/Src/stm32f4xx_hal_adc_ex.o
 .debug_line    0x000050af      0xcd7 ./Drivers/STM32F4xx_HAL_Driver/Src/stm32f4xx_hal_cortex.o
 .debug_line    0x00005d86      0xf73 ./Drivers/STM32F4xx_HAL_Driver/Src/stm32f4xx_hal_dma.o
 .debug_line    0x00006cf9      0xb23 ./Drivers/STM32F4xx_HAL_Driver/Src/stm32f4xx_hal_gpio.o
 .debug_line    0x0000781c     0x1452 ./Drivers/STM32F4xx_HAL_Driver/Src/stm32f4xx_hal_pcd.o
 .debug_line    0x00008c6e      0x7d0 ./Drivers/STM32F4xx_HAL_Driver/Src/stm32f4xx_hal_pcd_ex.o
 .debug_line    0x0000943e      0xe14 ./Drivers/STM32F4xx_HAL_Driver/Src/stm32f4xx_hal_rcc.o
 .debug_line    0x0000a252     0x3546 ./Drivers/STM32F4xx_HAL_Driver/Src/stm32f4xx_hal_tim.o
 .debug_line    0x0000d798     0x1902 ./Drivers/STM32F4xx_HAL_Driver/Src/stm32f4xx_hal_tim_ex.o
 .debug_line    0x0000f09a     0x1cdf ./Drivers/STM32F4xx_HAL_Driver/Src/stm32f4xx_ll_usb.o
 .debug_line    0x00010d79      0xe69 ./Middlewares/ST/STM32_USB_Device_Library/Class/CDC/Src/usbd_cdc.o
 .debug_line    0x00011be2      0xf21 ./Middlewares/ST/STM32_USB_Device_Library/Core/Src/usbd_core.o
 .debug_line    0x00012b03     0x10e3 ./Middlewares/ST/STM32_USB_Device_Library/Core/Src/usbd_ctlreq.o
 .debug_line    0x00013be6      0xa28 ./Middlewares/ST/STM32_USB_Device_Library/Core/Src/usbd_ioreq.o
 .debug_line    0x0001460e      0x9ee ./USB_DEVICE/App/usb_device.o
 .debug_line    0x00014ffc      0xac5 ./USB_DEVICE/App/usbd_cdc_if.o
 .debug_line    0x00015ac1      0xa97 ./USB_DEVICE/App/usbd_desc.o
 .debug_line    0x00016558      0xdc1 ./USB_DEVICE/Target/usbd_conf.o

.debug_str      0x00000000    0x9bd55
 .debug_str     0x00000000    0x9bd55 ./Core/Src/main.o
                              0x975e8 (size before relaxing)
 .debug_str     0x0009bd55    0x92b4b ./Core/Src/stm32f4xx_hal_msp.o
 .debug_str     0x0009bd55    0x92692 ./Core/Src/stm32f4xx_it.o
 .debug_str     0x0009bd55    0x91fb7 ./Core/Src/system_stm32f4xx.o
 .debug_str     0x0009bd55       0x7c ./Core/Startup/startup_stm32f411ceux.o
 .debug_str     0x0009bd55    0x929e3 ./Drivers/STM32F4xx_HAL_Driver/Src/stm32f4xx_hal.o
 .debug_str     0x0009bd55    0x92592 ./Drivers/STM32F4xx_HAL_Driver/Src/stm32f4xx_hal_adc.o
 .debug_str     0x0009bd55    0x925e6 ./Drivers/STM32F4xx_HAL_Driver/Src/stm32f4xx_hal_adc_ex.o
 .debug_str     0x0009bd55    0x9274d ./Drivers/STM32F4xx_HAL_Driver/Src/stm32f4xx_hal_cortex.o
 .debug_str     0x0009bd55    0x923bf ./Drivers/STM32F4xx_HAL_Driver/Src/stm32f4xx_hal_dma.o
 .debug_str     0x0009bd55    0x92132 ./Drivers/STM32F4xx_HAL_Driver/Src/stm32f4xx_hal_gpio.o
 .debug_str     0x0009bd55    0x92a83 ./Drivers/STM32F4xx_HAL_Driver/Src/stm32f4xx_hal_pcd.o
 .debug_str     0x0009bd55    0x92373 ./Drivers/STM32F4xx_HAL_Driver/Src/stm32f4xx_hal_pcd_ex.o
 .debug_str     0x0009bd55    0x923eb ./Drivers/STM32F4xx_HAL_Driver/Src/stm32f4xx_hal_rcc.o
 .debug_str     0x0009bd55    0x9332f ./Drivers/STM32F4xx_HAL_Driver/Src/stm32f4xx_hal_tim.o
 .debug_str     0x0009bd55    0x92b3b ./Drivers/STM32F4xx_HAL_Driver/Src/stm32f4xx_hal_tim_ex.o
 .debug_str     0x0009bd55    0x9295e ./Drivers/STM32F4xx_HAL_Driver/Src/stm32f4xx_ll_usb.o
 .debug_str     0x0009bd55    0x97021 ./Middlewares/ST/STM32_USB_Device_Library/Class/CDC/Src/usbd_cdc.o
 .debug_str     0x0009bd55    0x9697a ./Middlewares/ST/STM32_USB_Device_Library/Core/Src/usbd_core.o
 .debug_str     0x0009bd55    0x967a5 ./Middlewares/ST/STM32_USB_Device_Library/Core/Src/usbd_ctlreq.o
 .debug_str     0x0009bd55    0x9667a ./Middlewares/ST/STM32_USB_Device_Library/Core/Src/usbd_ioreq.o
 .debug_str     0x0009bd55    0x96a2d ./USB_DEVICE/App/usb_device.o
 .debug_str     0x0009bd55    0x96ab6 ./USB_DEVICE/App/usbd_cdc_if.o
 .debug_str     0x0009bd55    0x96572 ./USB_DEVICE/App/usbd_desc.o
 .debug_str     0x0009bd55    0x97729 ./USB_DEVICE/Target/usbd_conf.o

.comment        0x00000000       0x43
 .comment       0x00000000       0x43 ./Core/Src/main.o
                                 0x44 (size before relaxing)
 .comment       0x00000043       0x44 ./Core/Src/stm32f4xx_hal_msp.o
 .comment       0x00000043       0x44 ./Core/Src/stm32f4xx_it.o
 .comment       0x00000043       0x44 ./Core/Src/system_stm32f4xx.o
 .comment       0x00000043       0x44 ./Drivers/STM32F4xx_HAL_Driver/Src/stm32f4xx_hal.o
 .comment       0x00000043       0x44 ./Drivers/STM32F4xx_HAL_Driver/Src/stm32f4xx_hal_adc.o
 .comment       0x00000043       0x44 ./Drivers/STM32F4xx_HAL_Driver/Src/stm32f4xx_hal_adc_ex.o
 .comment       0x00000043       0x44 ./Drivers/STM32F4xx_HAL_Driver/Src/stm32f4xx_hal_cortex.o
 .comment       0x00000043       0x44 ./Drivers/STM32F4xx_HAL_Driver/Src/stm32f4xx_hal_dma.o
 .comment       0x00000043       0x44 ./Drivers/STM32F4xx_HAL_Driver/Src/stm32f4xx_hal_gpio.o
 .comment       0x00000043       0x44 ./Drivers/STM32F4xx_HAL_Driver/Src/stm32f4xx_hal_pcd.o
 .comment       0x00000043       0x44 ./Drivers/STM32F4xx_HAL_Driver/Src/stm32f4xx_hal_pcd_ex.o
 .comment       0x00000043       0x44 ./Drivers/STM32F4xx_HAL_Driver/Src/stm32f4xx_hal_rcc.o
 .comment       0x00000043       0x44 ./Drivers/STM32F4xx_HAL_Driver/Src/stm32f4xx_hal_tim.o
 .comment       0x00000043       0x44 ./Drivers/STM32F4xx_HAL_Driver/Src/stm32f4xx_hal_tim_ex.o
 .comment       0x00000043       0x44 ./Drivers/STM32F4xx_HAL_Driver/Src/stm32f4xx_ll_usb.o
 .comment       0x00000043       0x44 ./Middlewares/ST/STM32_USB_Device_Library/Class/CDC/Src/usbd_cdc.o
 .comment       0x00000043       0x44 ./Middlewares/ST/STM32_USB_Device_Library/Core/Src/usbd_core.o
 .comment       0x00000043       0x44 ./Middlewares/ST/STM32_USB_Device_Library/Core/Src/usbd_ctlreq.o
 .comment       0x00000043       0x44 ./Middlewares/ST/STM32_USB_Device_Library/Core/Src/usbd_ioreq.o
 .comment       0x00000043       0x44 ./USB_DEVICE/App/usb_device.o
 .comment       0x00000043       0x44 ./USB_DEVICE/App/usbd_cdc_if.o
 .comment       0x00000043       0x44 ./USB_DEVICE/App/usbd_desc.o
 .comment       0x00000043       0x44 ./USB_DEVICE/Target/usbd_conf.o

.debug_frame    0x00000000     0x4fe8
 .debug_frame   0x00000000      0x1b0 ./Core/Src/main.o
 .debug_frame   0x000001b0      0x144 ./Core/Src/stm32f4xx_hal_msp.o
 .debug_frame   0x000002f4      0x158 ./Core/Src/stm32f4xx_it.o
 .debug_frame   0x0000044c       0x58 ./Core/Src/system_stm32f4xx.o
 .debug_frame   0x000004a4      0x374 ./Drivers/STM32F4xx_HAL_Driver/Src/stm32f4xx_hal.o
 .debug_frame   0x00000818      0x3fc ./Drivers/STM32F4xx_HAL_Driver/Src/stm32f4xx_hal_adc.o
 .debug_frame   0x00000c14      0x250 ./Drivers/STM32F4xx_HAL_Driver/Src/stm32f4xx_hal_adc_ex.o
 .debug_frame   0x00000e64      0x508 ./Drivers/STM32F4xx_HAL_Driver/Src/stm32f4xx_hal_cortex.o
 .debug_frame   0x0000136c      0x250 ./Drivers/STM32F4xx_HAL_Driver/Src/stm32f4xx_hal_dma.o
 .debug_frame   0x000015bc      0x14c ./Drivers/STM32F4xx_HAL_Driver/Src/stm32f4xx_hal_gpio.o
 .debug_frame   0x00001708      0x5b8 ./Drivers/STM32F4xx_HAL_Driver/Src/stm32f4xx_hal_pcd.o
 .debug_frame   0x00001cc0       0xb0 ./Drivers/STM32F4xx_HAL_Driver/Src/stm32f4xx_hal_pcd_ex.o
 .debug_frame   0x00001d70      0x1f4 ./Drivers/STM32F4xx_HAL_Driver/Src/stm32f4xx_hal_rcc.o
 .debug_frame   0x00001f64     0x11b8 ./Drivers/STM32F4xx_HAL_Driver/Src/stm32f4xx_hal_tim.o
 .debug_frame   0x0000311c      0x638 ./Drivers/STM32F4xx_HAL_Driver/Src/stm32f4xx_hal_tim_ex.o
 .debug_frame   0x00003754      0x7c0 ./Drivers/STM32F4xx_HAL_Driver/Src/stm32f4xx_ll_usb.o
 .debug_frame   0x00003f14      0x23c ./Middlewares/ST/STM32_USB_Device_Library/Class/CDC/Src/usbd_cdc.o
 .debug_frame   0x00004150      0x390 ./Middlewares/ST/STM32_USB_Device_Library/Core/Src/usbd_core.o
 .debug_frame   0x000044e0      0x23c ./Middlewares/ST/STM32_USB_Device_Library/Core/Src/usbd_ctlreq.o
 .debug_frame   0x0000471c      0x10c ./Middlewares/ST/STM32_USB_Device_Library/Core/Src/usbd_ioreq.o
 .debug_frame   0x00004828       0x2c ./USB_DEVICE/App/usb_device.o
 .debug_frame   0x00004854       0xe4 ./USB_DEVICE/App/usbd_cdc_if.o
 .debug_frame   0x00004938      0x160 ./USB_DEVICE/App/usbd_desc.o
 .debug_frame   0x00004a98      0x47c ./USB_DEVICE/Target/usbd_conf.o
 .debug_frame   0x00004f14       0x20 /home/bob/st/stm32cubeide_1.18.1/plugins/com.st.stm32cube.ide.mcu.externaltools.gnu-tools-for-stm32.13.3.rel1.linux64_1.0.0.202410170706/tools/bin/../lib/gcc/arm-none-eabi/13.3.1/../../../../arm-none-eabi/lib/thumb/v7e-m+fp/hard/libc_nano.a(libc_a-memset.o)
 .debug_frame   0x00004f34       0x2c /home/bob/st/stm32cubeide_1.18.1/plugins/com.st.stm32cube.ide.mcu.externaltools.gnu-tools-for-stm32.13.3.rel1.linux64_1.0.0.202410170706/tools/bin/../lib/gcc/arm-none-eabi/13.3.1/../../../../arm-none-eabi/lib/thumb/v7e-m+fp/hard/libc_nano.a(libc_a-init.o)
 .debug_frame   0x00004f60       0x28 /home/bob/st/stm32cubeide_1.18.1/plugins/com.st.stm32cube.ide.mcu.externaltools.gnu-tools-for-stm32.13.3.rel1.linux64_1.0.0.202410170706/tools/bin/../lib/gcc/arm-none-eabi/13.3.1/../../../../arm-none-eabi/lib/thumb/v7e-m+fp/hard/libc_nano.a(libc_a-memcpy-stub.o)
 .debug_frame   0x00004f88       0x2c /home/bob/st/stm32cubeide_1.18.1/plugins/com.st.stm32cube.ide.mcu.externaltools.gnu-tools-for-stm32.13.3.rel1.linux64_1.0.0.202410170706/tools/bin/../lib/gcc/arm-none-eabi/13.3.1/thumb/v7e-m+fp/hard/libgcc.a(_aeabi_uldivmod.o)