../Core/Src/main.c:82:5:main	8	static
../Core/Src/main.c:144:6:SystemClock_Config	88	static
../Core/Src/main.c:190:13:MX_ADC1_Init	24	static
../Core/Src/main.c:242:13:MX_TIM1_Init	80	static
../Core/Src/main.c:307:13:MX_TIM2_Init	64	static
../Core/Src/main.c:367:13:MX_TIM3_Init	64	static
../Core/Src/main.c:427:13:MX_TIM4_Init	64	static
../Core/Src/main.c:487:13:MX_TIM5_Init	64	static
../Core/Src/main.c:549:13:MX_DMA_Init	16	static
../Core/Src/main.c:567:13:MX_GPIO_Init	24	static
../Core/Src/main.c:584:6:HAL_ADC_ConvCpltCallback	16	static
../Core/Src/main.c:601:6:Error_Handler	4	static,ignoring_inline_asm
