../Core/Src/main.c:83:5:main	8	static
../Core/Src/main.c:153:6:SystemClock_Config	88	static
../Core/Src/main.c:199:13:MX_ADC1_Init	24	static
../Core/Src/main.c:251:13:MX_TIM1_Init	80	static
../Core/Src/main.c:316:13:MX_TIM2_Init	64	static
../Core/Src/main.c:376:13:MX_TIM3_Init	64	static
../Core/Src/main.c:436:13:MX_TIM4_Init	64	static
../Core/Src/main.c:496:13:MX_TIM5_Init	64	static
../Core/Src/main.c:558:13:MX_DMA_Init	16	static
../Core/Src/main.c:576:13:MX_GPIO_Init	24	static
../Core/Src/main.c:593:6:HAL_ADC_ConvCpltCallback	16	static
../Core/Src/main.c:611:6:Error_Handler	4	static,ignoring_inline_asm
